12.7553 	INFO 	Loaded monitor calibration from ['2025_08_12 11:05']
12.7670 	WARNING 	User requested fullscreen with size [1024  768], but screen is actually [1366, 768]. Using actual size
12.9755 	INFO 	Using renderer 'Intel(R) UHD Graphics 620' for graphics
12.9756 	INFO 	OpenGL version supported by driver is 4..
13.2624 	EXP 	Created window1 = Window(allowGUI=False, allowStencil=False, autoLog=True, backendConf=UNKNOWN, backgroundFit=<method-wrapper '__getattribute__' of attributeSetter object at 0x000001D0B2073F70>, backgroundImage=<method-wrapper '__getattribute__' of attributeSetter object at 0x000001D0B2073F10>, bitsMode=UNKNOWN, blendMode='avg', bpc=(8, 8, 8), color=array([0, 0, 0]), colorSpace='rgb', depthBits=8, fullscr=True, gamma=None, gammaErrorPolicy='raise', infoMsg=UNKNOWN, lms=UNKNOWN, monitor=<psychopy.monitors.calibTools.Monitor object at 0x000001D0B239D6C0>, multiSample=False, name='window1', numSamples=2, pos=[np.float64(0.0), np.float64(0.0)], screen=0, size=array([1366,  768]), stencilBits=0, stereo=False, title='PsychoPy', units='height', useFBO=True, useRetina=False, viewOri=0.0, viewPos=None, viewScale=None, waitBlanking=True, winType='pyglet')
13.2625 	EXP 	window1: backgroundImage = ''
13.2625 	EXP 	window1: backgroundFit = 'none'
14.0239 	EXP 	window1: Attempting to measure frame rate of screen (0) ...
14.0240 	EXP 	window1: recordFrameIntervals = False
14.2027 	EXP 	window1: recordFrameIntervals = True
14.3859 	EXP 	Screen (0) actual frame rate measured at 60.17Hz
14.3860 	EXP 	window1: recordFrameIntervals = False
17.2789 	INFO 	keyboard.Keyboard is using iohub backend.
17.2790 	EXP 	Stroop_Task: status = STARTED
17.3972 	EXP 	Created text = TextStim(__class__=<class 'psychopy.visual.text.TextStim'>, alignHoriz=method-wrapper(...), alignText='center', alignVert=method-wrapper(...), anchorHoriz='center', anchorVert='center', antialias=True, autoDraw=False, autoLog=True, bold=False, color=array([1., 1., 1.]), colorSpace='rgb', contrast=1.0, depth=0.0, draggable=False, flipHoriz=False, flipVert=False, font='Arial', fontFiles=[], height=np.float64(0.05000000000000001), italic=False, languageStyle='LTR', name='text', opacity=1, ori=0.0, pos=array([0., 0.]), rgb=UNKNOWN, text=str(...), units='height', win=Window(...), wrapWidth=1)
17.4033 	EXP 	Created Fixation = ShapeStim(__class__=<class 'psychopy.visual.shape.ShapeStim'>, anchor=('center', 'center'), autoDraw=False, autoLog=True, closeShape=True, color=method-wrapper(...), colorSpace='rgb', contrast=None, depth=0.0, draggable=False, fillColor=array([1, 1, 1]), fillColorSpace='rgb', fillRGB=array([1, 1, 1]), interpolate=True, lineColor=array([1., 1., 1.]), lineColorSpace='rgb', lineRGB=array([1, 1, 1]), lineWidth=1.0, name='Fixation', opacity=1, ori=0.0, pos=array([0., 0.]), size=array([20., 20.]), units='pix', vertices=ndarray(...), win=Window(...), windingRule=None)
17.4049 	EXP 	Created cc = TextStim(__class__=<class 'psychopy.visual.text.TextStim'>, alignHoriz=method-wrapper(...), alignText='center', alignVert=method-wrapper(...), anchorHoriz='center', anchorVert='center', antialias=True, autoDraw=False, autoLog=True, bold=False, color=array([1., 1., 1.]), colorSpace='rgb', contrast=1.0, depth=-1.0, draggable=False, flipHoriz=False, flipVert=False, font='Arial', fontFiles=[], height=50.0, italic=False, languageStyle='LTR', name='cc', opacity=1, ori=0.0, pos=array([0., 0.]), rgb=UNKNOWN, text='', units='pix', win=Window(...), wrapWidth=500)
17.4142 	EXP 	Created text_2 = TextStim(__class__=<class 'psychopy.visual.text.TextStim'>, alignHoriz=method-wrapper(...), alignText='center', alignVert=method-wrapper(...), anchorHoriz='center', anchorVert='center', antialias=True, autoDraw=False, autoLog=True, bold=False, color=array([1., 1., 1.]), colorSpace='rgb', contrast=1.0, depth=0.0, draggable=False, flipHoriz=False, flipVert=False, font='Arial', fontFiles=[], height=np.float64(0.05000000000000001), italic=False, languageStyle='LTR', name='text_2', opacity=1, ori=0.0, pos=array([0., 0.]), rgb=UNKNOWN, text='Thankyou for participating', units='height', win=Window(...), wrapWidth=1)
0.0192 	INFO 	Keyboard events cleared
0.0186 	EXP 	text: autoDraw = True
0.7249 	EXP 	Device response: <KeyPress from None: t=0.7051078999938909, value=space, duration=None>
0.7382 	EXP 	Imported Stroop_practice.xlsx as conditions, 4 conditions, 4 params
0.7406 	EXP 	New trial (rep=0, index=0): <Trial 0 (0 in rep 0) data={'word': 'RED', 'colour': 'blue', 'coungrency': 'I', 'cor_res': 'b', 'thisN': 0, 'thisTrialN': 0, 'thisRepN': 0}>
0.7621 	DATA 	Keypress: space
0.7645 	EXP 	text: autoDraw = False
0.7645 	EXP 	cc: foreColor = <psychopy.colors.Color: blue, alpha=1.0>
0.7645 	EXP 	cc: height = np.float64(50.0)
0.7645 	EXP 	cc: height = np.float64(50.0)
0.7645 	EXP 	cc: height = np.float64(50.0)
0.7645 	EXP 	cc: text = 'RED'
0.7645 	EXP 	Fixation: autoDraw = True
0.8209 	EXP 	Device response: <KeyPress from None: t=0.7051078999938909, value=space, duration=0.11470590002136305>
1.2371 	INFO 	Keyboard events cleared
1.2363 	EXP 	cc: autoDraw = True
1.2694 	EXP 	Fixation: autoDraw = False
2.1533 	EXP 	Device response: <KeyPress from None: t=2.1495682999957353, value=b, duration=None>
2.1546 	EXP 	New trial (rep=0, index=1): <Trial 1 (1 in rep 0) data={'word': 'BLUE', 'colour': 'blue', 'coungrency': 'C', 'cor_res': 'b', 'thisN': 1, 'thisTrialN': 1, 'thisRepN': 0}>
2.1647 	DATA 	Keypress: b
2.1695 	EXP 	Fixation: autoDraw = False
2.1695 	EXP 	cc: autoDraw = False
2.1695 	EXP 	cc: foreColor = <psychopy.colors.Color: blue, alpha=1.0>
2.1695 	EXP 	cc: height = np.float64(50.0)
2.1695 	EXP 	cc: height = np.float64(50.0)
2.1695 	EXP 	cc: height = np.float64(50.0)
2.1695 	EXP 	cc: text = 'BLUE'
2.1695 	EXP 	Fixation: autoDraw = True
2.3200 	EXP 	Device response: <KeyPress from None: t=2.1495682999957353, value=b, duration=0.16397350002080202>
2.6708 	INFO 	Keyboard events cleared
2.6701 	EXP 	Fixation: autoDraw = False
2.6701 	EXP 	cc: autoDraw = True
3.1703 	EXP 	Device response: <KeyPress from None: t=3.154725200001849, value=b, duration=None>
3.1712 	EXP 	New trial (rep=0, index=2): <Trial 2 (2 in rep 0) data={'word': 'BLUE', 'colour': 'red', 'coungrency': 'I', 'cor_res': 'r', 'thisN': 2, 'thisTrialN': 2, 'thisRepN': 0}>
3.1740 	DATA 	Keypress: b
3.1863 	EXP 	Fixation: autoDraw = False
3.1863 	EXP 	cc: autoDraw = False
3.1863 	EXP 	cc: foreColor = <psychopy.colors.Color: red, alpha=1.0>
3.1863 	EXP 	cc: text = 'BLUE'
3.1863 	EXP 	Fixation: autoDraw = True
3.3203 	EXP 	Device response: <KeyPress from None: t=3.154725200001849, value=b, duration=0.16100699998787604>
3.6721 	INFO 	Keyboard events cleared
3.6708 	EXP 	cc: autoDraw = True
3.6866 	EXP 	Fixation: autoDraw = False
4.1869 	EXP 	Device response: <KeyPress from None: t=4.178563299996313, value=r, duration=None>
4.1879 	EXP 	New trial (rep=0, index=3): <Trial 3 (3 in rep 0) data={'word': 'RED', 'colour': 'red', 'coungrency': 'C', 'cor_res': 'r', 'thisN': 3, 'thisTrialN': 3, 'thisRepN': 0}>
4.1957 	DATA 	Keypress: r
4.2024 	EXP 	Fixation: autoDraw = False
4.2024 	EXP 	cc: autoDraw = False
4.2024 	EXP 	cc: foreColor = <psychopy.colors.Color: red, alpha=1.0>
4.2024 	EXP 	cc: height = np.float64(50.0)
4.2024 	EXP 	cc: height = np.float64(50.0)
4.2024 	EXP 	cc: height = np.float64(50.0)
4.2024 	EXP 	cc: text = 'RED'
4.2024 	EXP 	Fixation: autoDraw = True
4.3699 	EXP 	Device response: <KeyPress from None: t=4.178563299996313, value=r, duration=0.18636950000654906>
4.7031 	INFO 	Keyboard events cleared
4.7023 	EXP 	Fixation: autoDraw = False
4.7023 	EXP 	cc: autoDraw = True
5.0554 	EXP 	Device response: <KeyPress from None: t=5.044962200016016, value=r, duration=None>
5.0569 	EXP 	New trial (rep=1, index=0): <Trial 4 (0 in rep 1) data={'word': 'RED', 'colour': 'red', 'coungrency': 'C', 'cor_res': 'r', 'thisN': 4, 'thisTrialN': 0, 'thisRepN': 1}>
5.0619 	DATA 	Keypress: r
5.0705 	EXP 	Fixation: autoDraw = False
5.0705 	EXP 	cc: autoDraw = False
5.0705 	EXP 	cc: foreColor = <psychopy.colors.Color: red, alpha=1.0>
5.0705 	EXP 	cc: text = 'RED'
5.0705 	EXP 	Fixation: autoDraw = True
5.2570 	EXP 	Device response: <KeyPress from None: t=5.044962200016016, value=r, duration=0.1978467000008095>
5.5723 	INFO 	Keyboard events cleared
5.5712 	EXP 	Fixation: autoDraw = False
5.5712 	EXP 	cc: autoDraw = True
5.9733 	EXP 	Device response: <KeyPress from None: t=5.967355400003726, value=r, duration=None>
5.9747 	EXP 	New trial (rep=1, index=1): <Trial 5 (1 in rep 1) data={'word': 'RED', 'colour': 'blue', 'coungrency': 'I', 'cor_res': 'b', 'thisN': 5, 'thisTrialN': 1, 'thisRepN': 1}>
5.9791 	DATA 	Keypress: r
5.9872 	EXP 	Fixation: autoDraw = False
5.9872 	EXP 	cc: autoDraw = False
5.9872 	EXP 	cc: foreColor = <psychopy.colors.Color: blue, alpha=1.0>
5.9872 	EXP 	cc: text = 'RED'
5.9872 	EXP 	Fixation: autoDraw = True
6.1414 	EXP 	Device response: <KeyPress from None: t=5.967355400003726, value=r, duration=0.16458039998542517>
6.4881 	INFO 	Keyboard events cleared
6.4869 	EXP 	Fixation: autoDraw = False
6.4869 	EXP 	cc: autoDraw = True
6.8205 	EXP 	Device response: <KeyPress from None: t=6.811260899994522, value=r, duration=None>
6.8214 	EXP 	New trial (rep=1, index=2): <Trial 6 (2 in rep 1) data={'word': 'BLUE', 'colour': 'blue', 'coungrency': 'C', 'cor_res': 'b', 'thisN': 6, 'thisTrialN': 2, 'thisRepN': 1}>
6.8273 	DATA 	Keypress: r
6.8359 	EXP 	Fixation: autoDraw = False
6.8359 	EXP 	cc: autoDraw = False
6.8359 	EXP 	cc: foreColor = <psychopy.colors.Color: blue, alpha=1.0>
6.8359 	EXP 	cc: height = np.float64(50.0)
6.8359 	EXP 	cc: height = np.float64(50.0)
6.8359 	EXP 	cc: height = np.float64(50.0)
6.8359 	EXP 	cc: text = 'BLUE'
6.8359 	EXP 	Fixation: autoDraw = True
7.0207 	EXP 	Device response: <KeyPress from None: t=6.811260899994522, value=r, duration=0.20522070000879467>
7.3374 	INFO 	Keyboard events cleared
7.3367 	EXP 	Fixation: autoDraw = False
7.3367 	EXP 	cc: autoDraw = True
8.3367 	EXP 	cc: autoDraw = False
8.9534 	EXP 	Device response: <KeyPress from None: t=8.942685899994103, value=b, duration=None>
8.9543 	EXP 	New trial (rep=1, index=3): <Trial 7 (3 in rep 1) data={'word': 'BLUE', 'colour': 'red', 'coungrency': 'I', 'cor_res': 'r', 'thisN': 7, 'thisTrialN': 3, 'thisRepN': 1}>
8.9571 	DATA 	Keypress: b
8.9687 	EXP 	Fixation: autoDraw = False
8.9687 	EXP 	cc: autoDraw = False
8.9687 	EXP 	cc: foreColor = <psychopy.colors.Color: red, alpha=1.0>
8.9687 	EXP 	cc: text = 'BLUE'
8.9687 	EXP 	Fixation: autoDraw = True
9.1206 	EXP 	Device response: <KeyPress from None: t=8.942685899994103, value=b, duration=0.16860950001864694>
9.4695 	INFO 	Keyboard events cleared
9.4688 	EXP 	Fixation: autoDraw = False
9.4688 	EXP 	cc: autoDraw = True
10.4708 	EXP 	cc: autoDraw = False
10.6220 	EXP 	Device response: <KeyPress from None: t=10.606932800001232, value=r, duration=None>
10.6235 	EXP 	New trial (rep=2, index=0): <Trial 8 (0 in rep 2) data={'word': 'BLUE', 'colour': 'blue', 'coungrency': 'C', 'cor_res': 'b', 'thisN': 8, 'thisTrialN': 0, 'thisRepN': 2}>
10.6275 	DATA 	Keypress: r
10.6379 	EXP 	Fixation: autoDraw = False
10.6379 	EXP 	cc: autoDraw = False
10.6379 	EXP 	cc: foreColor = <psychopy.colors.Color: blue, alpha=1.0>
10.6379 	EXP 	cc: text = 'BLUE'
10.6379 	EXP 	Fixation: autoDraw = True
10.8043 	EXP 	Device response: <KeyPress from None: t=10.606932800001232, value=r, duration=0.19203080001170747>
11.1373 	INFO 	Keyboard events cleared
11.1365 	EXP 	cc: autoDraw = True
11.1525 	EXP 	Fixation: autoDraw = False
11.7061 	EXP 	Device response: <KeyPress from None: t=11.700396200001705, value=b, duration=None>
11.7079 	EXP 	New trial (rep=2, index=1): <Trial 9 (1 in rep 2) data={'word': 'RED', 'colour': 'red', 'coungrency': 'C', 'cor_res': 'r', 'thisN': 9, 'thisTrialN': 1, 'thisRepN': 2}>
11.7196 	DATA 	Keypress: b
11.7231 	EXP 	Fixation: autoDraw = False
11.7231 	EXP 	cc: autoDraw = False
11.7231 	EXP 	cc: foreColor = <psychopy.colors.Color: red, alpha=1.0>
11.7231 	EXP 	cc: height = np.float64(50.0)
11.7231 	EXP 	cc: height = np.float64(50.0)
11.7231 	EXP 	cc: height = np.float64(50.0)
11.7231 	EXP 	cc: text = 'RED'
11.7231 	EXP 	Fixation: autoDraw = True
11.8728 	EXP 	Device response: <KeyPress from None: t=11.700396200001705, value=b, duration=0.16544059998705052>
12.2201 	INFO 	Keyboard events cleared
12.2194 	EXP 	cc: autoDraw = True
12.2375 	EXP 	Fixation: autoDraw = False
12.7369 	EXP 	Device response: <KeyPress from None: t=12.725267400004668, value=r, duration=None>
12.7377 	EXP 	New trial (rep=2, index=2): <Trial 10 (2 in rep 2) data={'word': 'BLUE', 'colour': 'red', 'coungrency': 'I', 'cor_res': 'r', 'thisN': 10, 'thisTrialN': 2, 'thisRepN': 2}>
12.7434 	DATA 	Keypress: r
12.7525 	EXP 	Fixation: autoDraw = False
12.7525 	EXP 	cc: autoDraw = False
12.7525 	EXP 	cc: foreColor = <psychopy.colors.Color: red, alpha=1.0>
12.7525 	EXP 	cc: height = np.float64(50.0)
12.7525 	EXP 	cc: height = np.float64(50.0)
12.7525 	EXP 	cc: height = np.float64(50.0)
12.7525 	EXP 	cc: text = 'BLUE'
12.7525 	EXP 	Fixation: autoDraw = True
12.9701 	EXP 	Device response: <KeyPress from None: t=12.725267400004668, value=r, duration=0.23265719998744316>
13.2541 	INFO 	Keyboard events cleared
13.2535 	EXP 	Fixation: autoDraw = False
13.2535 	EXP 	cc: autoDraw = True
13.7232 	DATA 	Keypress: r
13.7384 	EXP 	Device response: <KeyPress from None: t=13.721981000009691, value=r, duration=None>
13.7397 	EXP 	New trial (rep=2, index=3): <Trial 11 (3 in rep 2) data={'word': 'RED', 'colour': 'blue', 'coungrency': 'I', 'cor_res': 'b', 'thisN': 11, 'thisTrialN': 3, 'thisRepN': 2}>
13.7526 	EXP 	Fixation: autoDraw = False
13.7526 	EXP 	cc: autoDraw = False
13.7526 	EXP 	cc: foreColor = <psychopy.colors.Color: blue, alpha=1.0>
13.7526 	EXP 	cc: height = np.float64(50.0)
13.7526 	EXP 	cc: height = np.float64(50.0)
13.7526 	EXP 	cc: height = np.float64(50.0)
13.7526 	EXP 	cc: text = 'RED'
13.7526 	EXP 	Fixation: autoDraw = True
13.8711 	EXP 	Device response: <KeyPress from None: t=13.721981000009691, value=r, duration=0.14406309998594224>
14.2542 	INFO 	Keyboard events cleared
14.2536 	EXP 	Fixation: autoDraw = False
14.2536 	EXP 	cc: autoDraw = True
14.7706 	EXP 	Device response: <KeyPress from None: t=14.761524000001373, value=b, duration=None>
14.7715 	EXP 	New trial (rep=3, index=0): <Trial 12 (0 in rep 3) data={'word': 'RED', 'colour': 'red', 'coungrency': 'C', 'cor_res': 'r', 'thisN': 12, 'thisTrialN': 0, 'thisRepN': 3}>
14.7741 	DATA 	Keypress: b
14.7863 	EXP 	Fixation: autoDraw = False
14.7863 	EXP 	cc: autoDraw = False
14.7863 	EXP 	cc: foreColor = <psychopy.colors.Color: red, alpha=1.0>
14.7863 	EXP 	cc: text = 'RED'
14.7863 	EXP 	Fixation: autoDraw = True
14.9544 	EXP 	Device response: <KeyPress from None: t=14.761524000001373, value=b, duration=0.1868720999918878>
15.2875 	INFO 	Keyboard events cleared
15.2868 	EXP 	Fixation: autoDraw = False
15.2868 	EXP 	cc: autoDraw = True
15.8545 	EXP 	Device response: <KeyPress from None: t=15.848752399993828, value=r, duration=None>
15.8554 	EXP 	New trial (rep=3, index=1): <Trial 13 (1 in rep 3) data={'word': 'BLUE', 'colour': 'red', 'coungrency': 'I', 'cor_res': 'r', 'thisN': 13, 'thisTrialN': 1, 'thisRepN': 3}>
15.8609 	DATA 	Keypress: r
15.8699 	EXP 	Fixation: autoDraw = False
15.8699 	EXP 	cc: autoDraw = False
15.8699 	EXP 	cc: foreColor = <psychopy.colors.Color: red, alpha=1.0>
15.8699 	EXP 	cc: height = np.float64(50.0)
15.8699 	EXP 	cc: height = np.float64(50.0)
15.8699 	EXP 	cc: height = np.float64(50.0)
15.8699 	EXP 	cc: text = 'BLUE'
15.8699 	EXP 	Fixation: autoDraw = True
16.0377 	EXP 	Device response: <KeyPress from None: t=15.848752399993828, value=r, duration=0.18546370000694878>
16.3709 	INFO 	Keyboard events cleared
16.3702 	EXP 	Fixation: autoDraw = False
16.3702 	EXP 	cc: autoDraw = True
16.7877 	EXP 	Device response: <KeyPress from None: t=16.78322909999406, value=r, duration=None>
16.7886 	EXP 	New trial (rep=3, index=2): <Trial 14 (2 in rep 3) data={'word': 'RED', 'colour': 'blue', 'coungrency': 'I', 'cor_res': 'b', 'thisN': 14, 'thisTrialN': 2, 'thisRepN': 3}>
16.7941 	DATA 	Keypress: r
16.8030 	EXP 	Fixation: autoDraw = False
16.8030 	EXP 	cc: autoDraw = False
16.8030 	EXP 	cc: foreColor = <psychopy.colors.Color: blue, alpha=1.0>
16.8030 	EXP 	cc: height = np.float64(50.0)
16.8030 	EXP 	cc: height = np.float64(50.0)
16.8030 	EXP 	cc: height = np.float64(50.0)
16.8030 	EXP 	cc: text = 'RED'
16.8030 	EXP 	Fixation: autoDraw = True
17.0045 	EXP 	Device response: <KeyPress from None: t=16.78322909999406, value=r, duration=0.20834880002075806>
17.3045 	INFO 	Keyboard events cleared
17.3038 	EXP 	Fixation: autoDraw = False
17.3038 	EXP 	cc: autoDraw = True
17.7712 	EXP 	Device response: <KeyPress from None: t=17.758404299995163, value=b, duration=None>
17.7720 	EXP 	New trial (rep=3, index=3): <Trial 15 (3 in rep 3) data={'word': 'BLUE', 'colour': 'blue', 'coungrency': 'C', 'cor_res': 'b', 'thisN': 15, 'thisTrialN': 3, 'thisRepN': 3}>
17.7776 	DATA 	Keypress: b
17.7871 	EXP 	Fixation: autoDraw = False
17.7871 	EXP 	cc: autoDraw = False
17.7871 	EXP 	cc: foreColor = <psychopy.colors.Color: blue, alpha=1.0>
17.7871 	EXP 	cc: height = np.float64(50.0)
17.7871 	EXP 	cc: height = np.float64(50.0)
17.7871 	EXP 	cc: height = np.float64(50.0)
17.7871 	EXP 	cc: text = 'BLUE'
17.7871 	EXP 	Fixation: autoDraw = True
17.9380 	EXP 	Device response: <KeyPress from None: t=17.758404299995163, value=b, duration=0.17848860000958666>
18.2876 	INFO 	Keyboard events cleared
18.2869 	EXP 	Fixation: autoDraw = False
18.2869 	EXP 	cc: autoDraw = True
18.8689 	EXP 	Device response: <KeyPress from None: t=18.850266399997054, value=b, duration=None>
18.8694 	EXP 	New trial (rep=4, index=0): <Trial 16 (0 in rep 4) data={'word': 'RED', 'colour': 'red', 'coungrency': 'C', 'cor_res': 'r', 'thisN': 16, 'thisTrialN': 0, 'thisRepN': 4}>
18.8734 	DATA 	Keypress: b
18.8864 	EXP 	Fixation: autoDraw = False
18.8864 	EXP 	cc: autoDraw = False
18.8864 	EXP 	cc: foreColor = <psychopy.colors.Color: red, alpha=1.0>
18.8864 	EXP 	cc: height = np.float64(50.0)
18.8864 	EXP 	cc: height = np.float64(50.0)
18.8864 	EXP 	cc: height = np.float64(50.0)
18.8864 	EXP 	cc: text = 'RED'
18.8864 	EXP 	Fixation: autoDraw = True
19.0753 	EXP 	Device response: <KeyPress from None: t=18.850266399997054, value=b, duration=0.22153070001513697>
19.3697 	INFO 	Keyboard events cleared
19.3692 	EXP 	cc: autoDraw = True
19.3865 	EXP 	Fixation: autoDraw = False
20.0545 	EXP 	Device response: <KeyPress from None: t=20.045183900016127, value=r, duration=None>
20.0554 	EXP 	New trial (rep=4, index=1): <Trial 17 (1 in rep 4) data={'word': 'BLUE', 'colour': 'blue', 'coungrency': 'C', 'cor_res': 'b', 'thisN': 17, 'thisTrialN': 1, 'thisRepN': 4}>
20.0611 	DATA 	Keypress: r
20.0695 	EXP 	Fixation: autoDraw = False
20.0695 	EXP 	cc: autoDraw = False
20.0695 	EXP 	cc: foreColor = <psychopy.colors.Color: blue, alpha=1.0>
20.0695 	EXP 	cc: height = np.float64(50.0)
20.0695 	EXP 	cc: height = np.float64(50.0)
20.0695 	EXP 	cc: height = np.float64(50.0)
20.0695 	EXP 	cc: text = 'BLUE'
20.0695 	EXP 	Fixation: autoDraw = True
20.2712 	EXP 	Device response: <KeyPress from None: t=20.045183900016127, value=r, duration=0.21099759999196976>
20.5707 	INFO 	Keyboard events cleared
20.5699 	EXP 	Fixation: autoDraw = False
20.5699 	EXP 	cc: autoDraw = True
21.2870 	EXP 	Device response: <KeyPress from None: t=21.272954799991567, value=b, duration=None>
21.2879 	EXP 	New trial (rep=4, index=2): <Trial 18 (2 in rep 4) data={'word': 'RED', 'colour': 'blue', 'coungrency': 'I', 'cor_res': 'b', 'thisN': 18, 'thisTrialN': 2, 'thisRepN': 4}>
21.2937 	DATA 	Keypress: b
21.3036 	EXP 	Fixation: autoDraw = False
21.3036 	EXP 	cc: autoDraw = False
21.3036 	EXP 	cc: foreColor = <psychopy.colors.Color: blue, alpha=1.0>
21.3036 	EXP 	cc: height = np.float64(50.0)
21.3036 	EXP 	cc: height = np.float64(50.0)
21.3036 	EXP 	cc: height = np.float64(50.0)
21.3036 	EXP 	cc: text = 'RED'
21.3036 	EXP 	Fixation: autoDraw = True
21.5205 	EXP 	Device response: <KeyPress from None: t=21.272954799991567, value=b, duration=0.23896630000672303>
21.7873 	INFO 	Keyboard events cleared
21.7867 	EXP 	cc: autoDraw = True
21.8028 	EXP 	Fixation: autoDraw = False
22.5220 	EXP 	Device response: <KeyPress from None: t=22.520818399993004, value=b, duration=None>
22.5236 	DATA 	Keypress: b
22.5389 	EXP 	New trial (rep=4, index=3): <Trial 19 (3 in rep 4) data={'word': 'BLUE', 'colour': 'red', 'coungrency': 'I', 'cor_res': 'r', 'thisN': 19, 'thisTrialN': 3, 'thisRepN': 4}>
22.5538 	EXP 	Fixation: autoDraw = False
22.5538 	EXP 	cc: autoDraw = False
22.5538 	EXP 	cc: foreColor = <psychopy.colors.Color: red, alpha=1.0>
22.5538 	EXP 	cc: height = np.float64(50.0)
22.5538 	EXP 	cc: height = np.float64(50.0)
22.5538 	EXP 	cc: height = np.float64(50.0)
22.5538 	EXP 	cc: text = 'BLUE'
22.5538 	EXP 	Fixation: autoDraw = True
22.7060 	EXP 	Device response: <KeyPress from None: t=22.520818399993004, value=b, duration=0.18008290001307614>
23.0541 	INFO 	Keyboard events cleared
23.0533 	EXP 	Fixation: autoDraw = False
23.0533 	EXP 	cc: autoDraw = True
23.7886 	EXP 	Device response: <KeyPress from None: t=23.77576119999867, value=r, duration=None>
23.7896 	EXP 	New trial (rep=5, index=0): <Trial 20 (0 in rep 5) data={'word': 'BLUE', 'colour': 'red', 'coungrency': 'I', 'cor_res': 'r', 'thisN': 20, 'thisTrialN': 0, 'thisRepN': 5}>
23.7927 	DATA 	Keypress: r
23.8034 	EXP 	Fixation: autoDraw = False
23.8034 	EXP 	cc: autoDraw = False
23.8034 	EXP 	cc: foreColor = <psychopy.colors.Color: red, alpha=1.0>
23.8034 	EXP 	cc: text = 'BLUE'
23.8034 	EXP 	Fixation: autoDraw = True
23.9874 	EXP 	Device response: <KeyPress from None: t=23.77576119999867, value=r, duration=0.21038140001473948>
24.3047 	INFO 	Keyboard events cleared
24.3040 	EXP 	Fixation: autoDraw = False
24.3040 	EXP 	cc: autoDraw = True
24.7536 	EXP 	Device response: <KeyPress from None: t=24.740355799993267, value=r, duration=None>
24.7541 	EXP 	New trial (rep=5, index=1): <Trial 21 (1 in rep 5) data={'word': 'BLUE', 'colour': 'blue', 'coungrency': 'C', 'cor_res': 'b', 'thisN': 21, 'thisTrialN': 1, 'thisRepN': 5}>
24.7562 	DATA 	Keypress: r
24.7698 	EXP 	Fixation: autoDraw = False
24.7698 	EXP 	cc: autoDraw = False
24.7698 	EXP 	cc: foreColor = <psychopy.colors.Color: blue, alpha=1.0>
24.7698 	EXP 	cc: text = 'BLUE'
24.7698 	EXP 	Fixation: autoDraw = True
25.0046 	EXP 	Device response: <KeyPress from None: t=24.740355799993267, value=r, duration=0.24918490002164617>
25.2544 	INFO 	Keyboard events cleared
25.2537 	EXP 	cc: autoDraw = True
25.2703 	EXP 	Fixation: autoDraw = False
25.7381 	EXP 	Device response: <KeyPress from None: t=25.723753099999158, value=b, duration=None>
25.7390 	EXP 	New trial (rep=5, index=2): <Trial 22 (2 in rep 5) data={'word': 'RED', 'colour': 'red', 'coungrency': 'C', 'cor_res': 'r', 'thisN': 22, 'thisTrialN': 2, 'thisRepN': 5}>
25.7447 	DATA 	Keypress: b
25.7539 	EXP 	Fixation: autoDraw = False
25.7539 	EXP 	cc: autoDraw = False
25.7539 	EXP 	cc: foreColor = <psychopy.colors.Color: red, alpha=1.0>
25.7539 	EXP 	cc: height = np.float64(50.0)
25.7539 	EXP 	cc: height = np.float64(50.0)
25.7539 	EXP 	cc: height = np.float64(50.0)
25.7539 	EXP 	cc: text = 'RED'
25.7539 	EXP 	Fixation: autoDraw = True
25.9047 	EXP 	Device response: <KeyPress from None: t=25.723753099999158, value=b, duration=0.17385900000226684>
26.2536 	INFO 	Keyboard events cleared
26.2529 	EXP 	Fixation: autoDraw = False
26.2529 	EXP 	cc: autoDraw = True
26.8546 	EXP 	Device response: <KeyPress from None: t=26.852183700015303, value=r, duration=None>
26.8555 	EXP 	New trial (rep=5, index=3): <Trial 23 (3 in rep 5) data={'word': 'RED', 'colour': 'blue', 'coungrency': 'I', 'cor_res': 'b', 'thisN': 23, 'thisTrialN': 3, 'thisRepN': 5}>
26.8579 	DATA 	Keypress: r
26.8703 	EXP 	Fixation: autoDraw = False
26.8703 	EXP 	cc: autoDraw = False
26.8703 	EXP 	cc: foreColor = <psychopy.colors.Color: blue, alpha=1.0>
26.8703 	EXP 	cc: text = 'RED'
26.8703 	EXP 	Fixation: autoDraw = True
27.0871 	EXP 	Device response: <KeyPress from None: t=26.852183700015303, value=r, duration=0.21932309999829158>
27.3703 	INFO 	Keyboard events cleared
27.3697 	EXP 	Fixation: autoDraw = False
27.3697 	EXP 	cc: autoDraw = True
28.0876 	EXP 	Device response: <KeyPress from None: t=28.083143299998483, value=b, duration=None>
28.0885 	EXP 	New trial (rep=6, index=0): <Trial 24 (0 in rep 6) data={'word': 'RED', 'colour': 'red', 'coungrency': 'C', 'cor_res': 'r', 'thisN': 24, 'thisTrialN': 0, 'thisRepN': 6}>
28.0909 	DATA 	Keypress: b
28.1036 	EXP 	Fixation: autoDraw = False
28.1036 	EXP 	cc: autoDraw = False
28.1036 	EXP 	cc: foreColor = <psychopy.colors.Color: red, alpha=1.0>
28.1036 	EXP 	cc: text = 'RED'
28.1036 	EXP 	Fixation: autoDraw = True
28.3207 	EXP 	Device response: <KeyPress from None: t=28.083143299998483, value=b, duration=0.2241922999965027>
28.6044 	INFO 	Keyboard events cleared
28.6038 	EXP 	Fixation: autoDraw = False
28.6038 	EXP 	cc: autoDraw = True
29.0553 	EXP 	Device response: <KeyPress from None: t=29.04021159998956, value=r, duration=None>
29.0563 	EXP 	New trial (rep=6, index=1): <Trial 25 (1 in rep 6) data={'word': 'BLUE', 'colour': 'blue', 'coungrency': 'C', 'cor_res': 'b', 'thisN': 25, 'thisTrialN': 1, 'thisRepN': 6}>
29.0622 	DATA 	Keypress: r
29.0698 	EXP 	Fixation: autoDraw = False
29.0698 	EXP 	cc: autoDraw = False
29.0698 	EXP 	cc: foreColor = <psychopy.colors.Color: blue, alpha=1.0>
29.0698 	EXP 	cc: height = np.float64(50.0)
29.0698 	EXP 	cc: height = np.float64(50.0)
29.0698 	EXP 	cc: height = np.float64(50.0)
29.0698 	EXP 	cc: text = 'BLUE'
29.0698 	EXP 	Fixation: autoDraw = True
29.2882 	EXP 	Device response: <KeyPress from None: t=29.04021159998956, value=r, duration=0.2452832999988459>
29.5712 	INFO 	Keyboard events cleared
29.5705 	EXP 	Fixation: autoDraw = False
29.5705 	EXP 	cc: autoDraw = True
30.1715 	EXP 	Device response: <KeyPress from None: t=30.160141800006386, value=b, duration=None>
30.1723 	EXP 	New trial (rep=6, index=2): <Trial 26 (2 in rep 6) data={'word': 'BLUE', 'colour': 'red', 'coungrency': 'I', 'cor_res': 'r', 'thisN': 26, 'thisTrialN': 2, 'thisRepN': 6}>
30.1748 	DATA 	Keypress: b
30.1864 	EXP 	Fixation: autoDraw = False
30.1864 	EXP 	cc: autoDraw = False
30.1864 	EXP 	cc: foreColor = <psychopy.colors.Color: red, alpha=1.0>
30.1864 	EXP 	cc: text = 'BLUE'
30.1864 	EXP 	Fixation: autoDraw = True
30.4381 	EXP 	Device response: <KeyPress from None: t=30.160141800006386, value=b, duration=0.27239080000435933>
30.6870 	INFO 	Keyboard events cleared
30.6864 	EXP 	Fixation: autoDraw = False
30.6864 	EXP 	cc: autoDraw = True
31.2043 	EXP 	Device response: <KeyPress from None: t=31.189751300000353, value=r, duration=None>
31.2051 	EXP 	New trial (rep=6, index=3): <Trial 27 (3 in rep 6) data={'word': 'RED', 'colour': 'blue', 'coungrency': 'I', 'cor_res': 'b', 'thisN': 27, 'thisTrialN': 3, 'thisRepN': 6}>
31.2108 	DATA 	Keypress: r
31.2206 	EXP 	Fixation: autoDraw = False
31.2206 	EXP 	cc: autoDraw = False
31.2206 	EXP 	cc: foreColor = <psychopy.colors.Color: blue, alpha=1.0>
31.2206 	EXP 	cc: height = np.float64(50.0)
31.2206 	EXP 	cc: height = np.float64(50.0)
31.2206 	EXP 	cc: height = np.float64(50.0)
31.2206 	EXP 	cc: text = 'RED'
31.2206 	EXP 	Fixation: autoDraw = True
31.4379 	EXP 	Device response: <KeyPress from None: t=31.189751300000353, value=r, duration=0.24323729999014176>
31.7210 	INFO 	Keyboard events cleared
31.7203 	EXP 	Fixation: autoDraw = False
31.7203 	EXP 	cc: autoDraw = True
32.4210 	EXP 	Device response: <KeyPress from None: t=32.41977579999366, value=b, duration=None>
32.4219 	EXP 	New trial (rep=7, index=0): <Trial 28 (0 in rep 7) data={'word': 'BLUE', 'colour': 'blue', 'coungrency': 'C', 'cor_res': 'b', 'thisN': 28, 'thisTrialN': 0, 'thisRepN': 7}>
32.4281 	DATA 	Keypress: b
32.4367 	EXP 	Fixation: autoDraw = False
32.4367 	EXP 	cc: autoDraw = False
32.4367 	EXP 	cc: foreColor = <psychopy.colors.Color: blue, alpha=1.0>
32.4367 	EXP 	cc: height = np.float64(50.0)
32.4367 	EXP 	cc: height = np.float64(50.0)
32.4367 	EXP 	cc: height = np.float64(50.0)
32.4367 	EXP 	cc: text = 'BLUE'
32.4367 	EXP 	Fixation: autoDraw = True
32.6214 	EXP 	Device response: <KeyPress from None: t=32.41977579999366, value=b, duration=0.1863051000109408>
32.9378 	INFO 	Keyboard events cleared
32.9372 	EXP 	Fixation: autoDraw = False
32.9372 	EXP 	cc: autoDraw = True
33.2710 	EXP 	Device response: <KeyPress from None: t=33.26883730001282, value=b, duration=None>
33.2719 	EXP 	New trial (rep=7, index=1): <Trial 29 (1 in rep 7) data={'word': 'BLUE', 'colour': 'red', 'coungrency': 'I', 'cor_res': 'r', 'thisN': 29, 'thisTrialN': 1, 'thisRepN': 7}>
33.2743 	DATA 	Keypress: b
33.2872 	EXP 	Fixation: autoDraw = False
33.2872 	EXP 	cc: autoDraw = False
33.2872 	EXP 	cc: foreColor = <psychopy.colors.Color: red, alpha=1.0>
33.2872 	EXP 	cc: text = 'BLUE'
33.2872 	EXP 	Fixation: autoDraw = True
33.4880 	EXP 	Device response: <KeyPress from None: t=33.26883730001282, value=b, duration=0.21031379999476485>
33.7872 	INFO 	Keyboard events cleared
33.7865 	EXP 	Fixation: autoDraw = False
33.7865 	EXP 	cc: autoDraw = True
34.2211 	EXP 	Device response: <KeyPress from None: t=34.20942259998992, value=r, duration=None>
34.2221 	EXP 	New trial (rep=7, index=2): <Trial 30 (2 in rep 7) data={'word': 'RED', 'colour': 'blue', 'coungrency': 'I', 'cor_res': 'b', 'thisN': 30, 'thisTrialN': 2, 'thisRepN': 7}>
34.2278 	DATA 	Keypress: r
34.2366 	EXP 	Fixation: autoDraw = False
34.2366 	EXP 	cc: autoDraw = False
34.2366 	EXP 	cc: foreColor = <psychopy.colors.Color: blue, alpha=1.0>
34.2366 	EXP 	cc: height = np.float64(50.0)
34.2366 	EXP 	cc: height = np.float64(50.0)
34.2366 	EXP 	cc: height = np.float64(50.0)
34.2366 	EXP 	cc: text = 'RED'
34.2366 	EXP 	Fixation: autoDraw = True
34.4382 	EXP 	Device response: <KeyPress from None: t=34.20942259998992, value=r, duration=0.2248070000205189>
34.7373 	INFO 	Keyboard events cleared
34.7365 	EXP 	Fixation: autoDraw = False
34.7365 	EXP 	cc: autoDraw = True
35.2043 	EXP 	Device response: <KeyPress from None: t=35.198223400017014, value=b, duration=None>
35.2053 	EXP 	New trial (rep=7, index=3): <Trial 31 (3 in rep 7) data={'word': 'RED', 'colour': 'red', 'coungrency': 'C', 'cor_res': 'r', 'thisN': 31, 'thisTrialN': 3, 'thisRepN': 7}>
35.2078 	DATA 	Keypress: b
35.2199 	EXP 	Fixation: autoDraw = False
35.2199 	EXP 	cc: autoDraw = False
35.2199 	EXP 	cc: foreColor = <psychopy.colors.Color: red, alpha=1.0>
35.2199 	EXP 	cc: text = 'RED'
35.2199 	EXP 	Fixation: autoDraw = True
35.4874 	EXP 	Device response: <KeyPress from None: t=35.198223400017014, value=b, duration=0.2824586999777239>
35.7207 	INFO 	Keyboard events cleared
35.7200 	EXP 	Fixation: autoDraw = False
35.7200 	EXP 	cc: autoDraw = True
36.1207 	EXP 	Device response: <KeyPress from None: t=36.11212430000887, value=r, duration=None>
36.1213 	EXP 	New trial (rep=8, index=0): <Trial 32 (0 in rep 8) data={'word': 'BLUE', 'colour': 'blue', 'coungrency': 'C', 'cor_res': 'b', 'thisN': 32, 'thisTrialN': 0, 'thisRepN': 8}>
36.1267 	DATA 	Keypress: r
36.1361 	EXP 	Fixation: autoDraw = False
36.1361 	EXP 	cc: autoDraw = False
36.1361 	EXP 	cc: foreColor = <psychopy.colors.Color: blue, alpha=1.0>
36.1361 	EXP 	cc: height = np.float64(50.0)
36.1361 	EXP 	cc: height = np.float64(50.0)
36.1361 	EXP 	cc: height = np.float64(50.0)
36.1361 	EXP 	cc: text = 'BLUE'
36.1361 	EXP 	Fixation: autoDraw = True
36.3550 	EXP 	Device response: <KeyPress from None: t=36.11212430000887, value=r, duration=0.22886939998716116>
36.6205 	INFO 	Keyboard events cleared
36.6198 	EXP 	cc: autoDraw = True
36.6367 	EXP 	Fixation: autoDraw = False
37.2044 	EXP 	Device response: <KeyPress from None: t=37.192778700002236, value=b, duration=None>
37.2053 	EXP 	New trial (rep=8, index=1): <Trial 33 (1 in rep 8) data={'word': 'RED', 'colour': 'blue', 'coungrency': 'I', 'cor_res': 'b', 'thisN': 33, 'thisTrialN': 1, 'thisRepN': 8}>
37.2116 	DATA 	Keypress: b
37.2216 	EXP 	Fixation: autoDraw = False
37.2216 	EXP 	cc: autoDraw = False
37.2216 	EXP 	cc: foreColor = <psychopy.colors.Color: blue, alpha=1.0>
37.2216 	EXP 	cc: height = np.float64(50.0)
37.2216 	EXP 	cc: height = np.float64(50.0)
37.2216 	EXP 	cc: height = np.float64(50.0)
37.2216 	EXP 	cc: text = 'RED'
37.2216 	EXP 	Fixation: autoDraw = True
37.4552 	EXP 	Device response: <KeyPress from None: t=37.192778700002236, value=b, duration=0.2601726000139024>
37.7214 	INFO 	Keyboard events cleared
37.7207 	EXP 	cc: autoDraw = True
37.7373 	EXP 	Fixation: autoDraw = False
38.2378 	EXP 	Device response: <KeyPress from None: t=38.23133539999253, value=b, duration=None>
38.2387 	EXP 	New trial (rep=8, index=2): <Trial 34 (2 in rep 8) data={'word': 'RED', 'colour': 'red', 'coungrency': 'C', 'cor_res': 'r', 'thisN': 34, 'thisTrialN': 2, 'thisRepN': 8}>
38.2411 	DATA 	Keypress: b
38.2533 	EXP 	Fixation: autoDraw = False
38.2533 	EXP 	cc: autoDraw = False
38.2533 	EXP 	cc: foreColor = <psychopy.colors.Color: red, alpha=1.0>
38.2533 	EXP 	cc: text = 'RED'
38.2533 	EXP 	Fixation: autoDraw = True
38.5048 	EXP 	Device response: <KeyPress from None: t=38.23133539999253, value=b, duration=0.268589500017697>
38.7544 	INFO 	Keyboard events cleared
38.7537 	EXP 	Fixation: autoDraw = False
38.7537 	EXP 	cc: autoDraw = True
39.3218 	EXP 	Device response: <KeyPress from None: t=39.31899669999257, value=r, duration=None>
39.3227 	EXP 	New trial (rep=8, index=3): <Trial 35 (3 in rep 8) data={'word': 'BLUE', 'colour': 'red', 'coungrency': 'I', 'cor_res': 'r', 'thisN': 35, 'thisTrialN': 3, 'thisRepN': 8}>
39.3283 	DATA 	Keypress: r
39.3375 	EXP 	Fixation: autoDraw = False
39.3375 	EXP 	cc: autoDraw = False
39.3375 	EXP 	cc: foreColor = <psychopy.colors.Color: red, alpha=1.0>
39.3375 	EXP 	cc: height = np.float64(50.0)
39.3375 	EXP 	cc: height = np.float64(50.0)
39.3375 	EXP 	cc: height = np.float64(50.0)
39.3375 	EXP 	cc: text = 'BLUE'
39.3375 	EXP 	Fixation: autoDraw = True
39.5542 	EXP 	Device response: <KeyPress from None: t=39.31899669999257, value=r, duration=0.21915650001028553>
39.8374 	INFO 	Keyboard events cleared
39.8368 	EXP 	Fixation: autoDraw = False
39.8368 	EXP 	cc: autoDraw = True
40.4884 	EXP 	Device response: <KeyPress from None: t=40.475747599994065, value=b, duration=None>
40.4892 	EXP 	New trial (rep=9, index=0): <Trial 36 (0 in rep 9) data={'word': 'BLUE', 'colour': 'blue', 'coungrency': 'C', 'cor_res': 'b', 'thisN': 36, 'thisTrialN': 0, 'thisRepN': 9}>
40.4916 	DATA 	Keypress: b
40.5042 	EXP 	Fixation: autoDraw = False
40.5042 	EXP 	cc: autoDraw = False
40.5042 	EXP 	cc: foreColor = <psychopy.colors.Color: blue, alpha=1.0>
40.5042 	EXP 	cc: text = 'BLUE'
40.5042 	EXP 	Fixation: autoDraw = True
40.6557 	EXP 	Device response: <KeyPress from None: t=40.475747599994065, value=b, duration=0.16944620001595467>
41.0042 	INFO 	Keyboard events cleared
41.0035 	EXP 	Fixation: autoDraw = False
41.0035 	EXP 	cc: autoDraw = True
41.4548 	EXP 	Device response: <KeyPress from None: t=41.450527900015004, value=b, duration=None>
41.4557 	EXP 	New trial (rep=9, index=1): <Trial 37 (1 in rep 9) data={'word': 'BLUE', 'colour': 'red', 'coungrency': 'I', 'cor_res': 'r', 'thisN': 37, 'thisTrialN': 1, 'thisRepN': 9}>
41.4581 	DATA 	Keypress: b
41.4701 	EXP 	Fixation: autoDraw = False
41.4701 	EXP 	cc: autoDraw = False
41.4701 	EXP 	cc: foreColor = <psychopy.colors.Color: red, alpha=1.0>
41.4701 	EXP 	cc: text = 'BLUE'
41.4701 	EXP 	Fixation: autoDraw = True
41.6884 	EXP 	Device response: <KeyPress from None: t=41.450527900015004, value=b, duration=0.23362319997977465>
41.9707 	INFO 	Keyboard events cleared
41.9700 	EXP 	Fixation: autoDraw = False
41.9700 	EXP 	cc: autoDraw = True
42.5557 	EXP 	Device response: <KeyPress from None: t=42.55144929999369, value=r, duration=None>
42.5566 	EXP 	New trial (rep=9, index=2): <Trial 38 (2 in rep 9) data={'word': 'RED', 'colour': 'red', 'coungrency': 'C', 'cor_res': 'r', 'thisN': 38, 'thisTrialN': 2, 'thisRepN': 9}>
42.5621 	DATA 	Keypress: r
42.5701 	EXP 	Fixation: autoDraw = False
42.5701 	EXP 	cc: autoDraw = False
42.5701 	EXP 	cc: foreColor = <psychopy.colors.Color: red, alpha=1.0>
42.5701 	EXP 	cc: height = np.float64(50.0)
42.5701 	EXP 	cc: height = np.float64(50.0)
42.5701 	EXP 	cc: height = np.float64(50.0)
42.5701 	EXP 	cc: text = 'RED'
42.5701 	EXP 	Fixation: autoDraw = True
42.7713 	EXP 	Device response: <KeyPress from None: t=42.55144929999369, value=r, duration=0.21589950000634417>
43.0712 	INFO 	Keyboard events cleared
43.0705 	EXP 	Fixation: autoDraw = False
43.0705 	EXP 	cc: autoDraw = True
43.5387 	EXP 	Device response: <KeyPress from None: t=43.53640469998936, value=r, duration=None>
43.5396 	EXP 	New trial (rep=9, index=3): <Trial 39 (3 in rep 9) data={'word': 'RED', 'colour': 'blue', 'coungrency': 'I', 'cor_res': 'b', 'thisN': 39, 'thisTrialN': 3, 'thisRepN': 9}>
43.5420 	DATA 	Keypress: r
43.5543 	EXP 	Fixation: autoDraw = False
43.5543 	EXP 	cc: autoDraw = False
43.5543 	EXP 	cc: foreColor = <psychopy.colors.Color: blue, alpha=1.0>
43.5543 	EXP 	cc: text = 'RED'
43.5543 	EXP 	Fixation: autoDraw = True
43.7552 	EXP 	Device response: <KeyPress from None: t=43.53640469998936, value=r, duration=0.21263540000654757>
44.0542 	INFO 	Keyboard events cleared
44.0535 	EXP 	Fixation: autoDraw = False
44.0535 	EXP 	cc: autoDraw = True
44.6402 	DATA 	Keypress: b
44.6554 	EXP 	Device response: <KeyPress from None: t=44.638998200010974, value=b, duration=None>
44.6563 	EXP 	New trial (rep=10, index=0): <Trial 40 (0 in rep 10) data={'word': 'RED', 'colour': 'blue', 'coungrency': 'I', 'cor_res': 'b', 'thisN': 40, 'thisTrialN': 0, 'thisRepN': 10}>
44.6707 	EXP 	Fixation: autoDraw = False
44.6707 	EXP 	cc: autoDraw = False
44.6707 	EXP 	cc: foreColor = <psychopy.colors.Color: blue, alpha=1.0>
44.6707 	EXP 	cc: text = 'RED'
44.6707 	EXP 	Fixation: autoDraw = True
44.8721 	EXP 	Device response: <KeyPress from None: t=44.638998200010974, value=b, duration=0.23079319999669679>
45.1712 	INFO 	Keyboard events cleared
45.1705 	EXP 	Fixation: autoDraw = False
45.1705 	EXP 	cc: autoDraw = True
45.6052 	EXP 	Device response: <KeyPress from None: t=45.60117539999192, value=b, duration=None>
45.6061 	EXP 	New trial (rep=10, index=1): <Trial 41 (1 in rep 10) data={'word': 'BLUE', 'colour': 'blue', 'coungrency': 'C', 'cor_res': 'b', 'thisN': 41, 'thisTrialN': 1, 'thisRepN': 10}>
45.6118 	DATA 	Keypress: b
45.6210 	EXP 	Fixation: autoDraw = False
45.6210 	EXP 	cc: autoDraw = False
45.6210 	EXP 	cc: foreColor = <psychopy.colors.Color: blue, alpha=1.0>
45.6210 	EXP 	cc: height = np.float64(50.0)
45.6210 	EXP 	cc: height = np.float64(50.0)
45.6210 	EXP 	cc: height = np.float64(50.0)
45.6210 	EXP 	cc: text = 'BLUE'
45.6210 	EXP 	Fixation: autoDraw = True
45.9054 	EXP 	Device response: <KeyPress from None: t=45.60117539999192, value=b, duration=0.29602440001326613>
46.1209 	INFO 	Keyboard events cleared
46.1203 	EXP 	Fixation: autoDraw = False
46.1203 	EXP 	cc: autoDraw = True
46.5545 	EXP 	Device response: <KeyPress from None: t=46.540476399997715, value=b, duration=None>
46.5558 	EXP 	New trial (rep=10, index=2): <Trial 42 (2 in rep 10) data={'word': 'BLUE', 'colour': 'red', 'coungrency': 'I', 'cor_res': 'r', 'thisN': 42, 'thisTrialN': 2, 'thisRepN': 10}>
46.5582 	DATA 	Keypress: b
46.5703 	EXP 	Fixation: autoDraw = False
46.5703 	EXP 	cc: autoDraw = False
46.5703 	EXP 	cc: foreColor = <psychopy.colors.Color: red, alpha=1.0>
46.5703 	EXP 	cc: text = 'BLUE'
46.5703 	EXP 	Fixation: autoDraw = True
46.6886 	EXP 	Device response: <KeyPress from None: t=46.540476399997715, value=b, duration=0.1430904000008013>
47.0713 	INFO 	Keyboard events cleared
47.0707 	EXP 	Fixation: autoDraw = False
47.0707 	EXP 	cc: autoDraw = True
47.5047 	EXP 	Device response: <KeyPress from None: t=47.50269379999372, value=r, duration=None>
47.5056 	EXP 	New trial (rep=10, index=3): <Trial 43 (3 in rep 10) data={'word': 'RED', 'colour': 'red', 'coungrency': 'C', 'cor_res': 'r', 'thisN': 43, 'thisTrialN': 3, 'thisRepN': 10}>
47.5112 	DATA 	Keypress: r
47.5211 	EXP 	Fixation: autoDraw = False
47.5211 	EXP 	cc: autoDraw = False
47.5211 	EXP 	cc: foreColor = <psychopy.colors.Color: red, alpha=1.0>
47.5211 	EXP 	cc: height = np.float64(50.0)
47.5211 	EXP 	cc: height = np.float64(50.0)
47.5211 	EXP 	cc: height = np.float64(50.0)
47.5211 	EXP 	cc: text = 'RED'
47.5211 	EXP 	Fixation: autoDraw = True
47.7553 	EXP 	Device response: <KeyPress from None: t=47.50269379999372, value=r, duration=0.23951100002159365>
48.0214 	INFO 	Keyboard events cleared
48.0206 	EXP 	Fixation: autoDraw = False
48.0206 	EXP 	cc: autoDraw = True
48.5216 	EXP 	Device response: <KeyPress from None: t=48.51173749999725, value=r, duration=None>
48.5225 	EXP 	New trial (rep=11, index=0): <Trial 44 (0 in rep 11) data={'word': 'BLUE', 'colour': 'blue', 'coungrency': 'C', 'cor_res': 'b', 'thisN': 44, 'thisTrialN': 0, 'thisRepN': 11}>
48.5292 	DATA 	Keypress: r
48.5369 	EXP 	Fixation: autoDraw = False
48.5369 	EXP 	cc: autoDraw = False
48.5369 	EXP 	cc: foreColor = <psychopy.colors.Color: blue, alpha=1.0>
48.5369 	EXP 	cc: height = np.float64(50.0)
48.5369 	EXP 	cc: height = np.float64(50.0)
48.5369 	EXP 	cc: height = np.float64(50.0)
48.5369 	EXP 	cc: text = 'BLUE'
48.5369 	EXP 	Fixation: autoDraw = True
48.7544 	EXP 	Device response: <KeyPress from None: t=48.51173749999725, value=r, duration=0.23298289999365807>
49.0381 	INFO 	Keyboard events cleared
49.0375 	EXP 	Fixation: autoDraw = False
49.0375 	EXP 	cc: autoDraw = True
49.5556 	EXP 	Device response: <KeyPress from None: t=49.544655400008196, value=b, duration=None>
49.5565 	EXP 	New trial (rep=11, index=1): <Trial 45 (1 in rep 11) data={'word': 'RED', 'colour': 'blue', 'coungrency': 'I', 'cor_res': 'b', 'thisN': 45, 'thisTrialN': 1, 'thisRepN': 11}>
49.5622 	DATA 	Keypress: b
49.5711 	EXP 	Fixation: autoDraw = False
49.5711 	EXP 	cc: autoDraw = False
49.5711 	EXP 	cc: foreColor = <psychopy.colors.Color: blue, alpha=1.0>
49.5711 	EXP 	cc: height = np.float64(50.0)
49.5711 	EXP 	cc: height = np.float64(50.0)
49.5711 	EXP 	cc: height = np.float64(50.0)
49.5711 	EXP 	cc: text = 'RED'
49.5711 	EXP 	Fixation: autoDraw = True
49.7883 	EXP 	Device response: <KeyPress from None: t=49.544655400008196, value=b, duration=0.23752999998396263>
50.0720 	INFO 	Keyboard events cleared
50.0713 	EXP 	Fixation: autoDraw = False
50.0713 	EXP 	cc: autoDraw = True
50.5566 	EXP 	Device response: <KeyPress from None: t=50.55527810001513, value=b, duration=None>
50.5575 	EXP 	New trial (rep=11, index=2): <Trial 46 (2 in rep 11) data={'word': 'BLUE', 'colour': 'red', 'coungrency': 'I', 'cor_res': 'r', 'thisN': 46, 'thisTrialN': 2, 'thisRepN': 11}>
50.5631 	DATA 	Keypress: b
50.5710 	EXP 	Fixation: autoDraw = False
50.5710 	EXP 	cc: autoDraw = False
50.5710 	EXP 	cc: foreColor = <psychopy.colors.Color: red, alpha=1.0>
50.5710 	EXP 	cc: height = np.float64(50.0)
50.5710 	EXP 	cc: height = np.float64(50.0)
50.5710 	EXP 	cc: height = np.float64(50.0)
50.5710 	EXP 	cc: text = 'BLUE'
50.5710 	EXP 	Fixation: autoDraw = True
50.7225 	EXP 	Device response: <KeyPress from None: t=50.55527810001513, value=b, duration=0.16471839998848736>
51.0717 	INFO 	Keyboard events cleared
51.0710 	EXP 	Fixation: autoDraw = False
51.0710 	EXP 	cc: autoDraw = True
51.6381 	EXP 	Device response: <KeyPress from None: t=51.6260287000041, value=r, duration=None>
51.6389 	EXP 	New trial (rep=11, index=3): <Trial 47 (3 in rep 11) data={'word': 'RED', 'colour': 'red', 'coungrency': 'C', 'cor_res': 'r', 'thisN': 47, 'thisTrialN': 3, 'thisRepN': 11}>
51.6448 	DATA 	Keypress: r
51.6539 	EXP 	Fixation: autoDraw = False
51.6539 	EXP 	cc: autoDraw = False
51.6539 	EXP 	cc: foreColor = <psychopy.colors.Color: red, alpha=1.0>
51.6539 	EXP 	cc: height = np.float64(50.0)
51.6539 	EXP 	cc: height = np.float64(50.0)
51.6539 	EXP 	cc: height = np.float64(50.0)
51.6539 	EXP 	cc: text = 'RED'
51.6539 	EXP 	Fixation: autoDraw = True
51.8565 	EXP 	Device response: <KeyPress from None: t=51.6260287000041, value=r, duration=0.22108329998445697>
52.1400 	INFO 	Keyboard events cleared
52.1388 	EXP 	cc: autoDraw = True
52.1549 	EXP 	Fixation: autoDraw = False
52.6583 	EXP 	Device response: <KeyPress from None: t=52.649298300006194, value=r, duration=None>
52.6600 	EXP 	New trial (rep=12, index=0): <Trial 48 (0 in rep 12) data={'word': 'BLUE', 'colour': 'blue', 'coungrency': 'C', 'cor_res': 'b', 'thisN': 48, 'thisTrialN': 0, 'thisRepN': 12}>
52.6734 	DATA 	Keypress: r
52.6770 	EXP 	Fixation: autoDraw = False
52.6770 	EXP 	cc: autoDraw = False
52.6770 	EXP 	cc: foreColor = <psychopy.colors.Color: blue, alpha=1.0>
52.6770 	EXP 	cc: height = np.float64(50.0)
52.6770 	EXP 	cc: height = np.float64(50.0)
52.6770 	EXP 	cc: height = np.float64(50.0)
52.6770 	EXP 	cc: text = 'BLUE'
52.6770 	EXP 	Fixation: autoDraw = True
52.8546 	EXP 	Device response: <KeyPress from None: t=52.649298300006194, value=r, duration=0.19958449999103323>
53.1713 	INFO 	Keyboard events cleared
53.1705 	EXP 	cc: autoDraw = True
53.1881 	EXP 	Fixation: autoDraw = False
53.7215 	EXP 	Device response: <KeyPress from None: t=53.71093100000871, value=b, duration=None>
53.7227 	EXP 	New trial (rep=12, index=1): <Trial 49 (1 in rep 12) data={'word': 'RED', 'colour': 'blue', 'coungrency': 'I', 'cor_res': 'b', 'thisN': 49, 'thisTrialN': 1, 'thisRepN': 12}>
53.7289 	DATA 	Keypress: b
53.7377 	EXP 	Fixation: autoDraw = False
53.7377 	EXP 	cc: autoDraw = False
53.7377 	EXP 	cc: foreColor = <psychopy.colors.Color: blue, alpha=1.0>
53.7377 	EXP 	cc: height = np.float64(50.0)
53.7377 	EXP 	cc: height = np.float64(50.0)
53.7377 	EXP 	cc: height = np.float64(50.0)
53.7377 	EXP 	cc: text = 'RED'
53.7377 	EXP 	Fixation: autoDraw = True
53.9385 	EXP 	Device response: <KeyPress from None: t=53.71093100000871, value=b, duration=0.21665600000414997>
54.2384 	INFO 	Keyboard events cleared
54.2376 	EXP 	Fixation: autoDraw = False
54.2376 	EXP 	cc: autoDraw = True
54.7726 	EXP 	Device response: <KeyPress from None: t=54.77030500001274, value=b, duration=None>
54.7736 	EXP 	New trial (rep=12, index=2): <Trial 50 (2 in rep 12) data={'word': 'BLUE', 'colour': 'red', 'coungrency': 'I', 'cor_res': 'r', 'thisN': 50, 'thisTrialN': 2, 'thisRepN': 12}>
54.7797 	DATA 	Keypress: b
54.7873 	EXP 	Fixation: autoDraw = False
54.7873 	EXP 	cc: autoDraw = False
54.7873 	EXP 	cc: foreColor = <psychopy.colors.Color: red, alpha=1.0>
54.7873 	EXP 	cc: height = np.float64(50.0)
54.7873 	EXP 	cc: height = np.float64(50.0)
54.7873 	EXP 	cc: height = np.float64(50.0)
54.7873 	EXP 	cc: text = 'BLUE'
54.7873 	EXP 	Fixation: autoDraw = True
55.0051 	EXP 	Device response: <KeyPress from None: t=54.77030500001274, value=b, duration=0.22956079998402856>
55.2892 	INFO 	Keyboard events cleared
55.2882 	EXP 	Fixation: autoDraw = False
55.2882 	EXP 	cc: autoDraw = True
55.7755 	EXP 	Device response: <KeyPress from None: t=55.772410400008084, value=r, duration=None>
55.7772 	EXP 	New trial (rep=12, index=3): <Trial 51 (3 in rep 12) data={'word': 'RED', 'colour': 'red', 'coungrency': 'C', 'cor_res': 'r', 'thisN': 51, 'thisTrialN': 3, 'thisRepN': 12}>
55.7888 	DATA 	Keypress: r
55.7922 	EXP 	Fixation: autoDraw = False
55.7922 	EXP 	cc: autoDraw = False
55.7922 	EXP 	cc: foreColor = <psychopy.colors.Color: red, alpha=1.0>
55.7922 	EXP 	cc: height = np.float64(50.0)
55.7922 	EXP 	cc: height = np.float64(50.0)
55.7922 	EXP 	cc: height = np.float64(50.0)
55.7922 	EXP 	cc: text = 'RED'
55.7922 	EXP 	Fixation: autoDraw = True
55.9421 	EXP 	Device response: <KeyPress from None: t=55.772410400008084, value=r, duration=0.16427849998581223>
56.2903 	INFO 	Keyboard events cleared
56.2891 	EXP 	cc: autoDraw = True
56.3051 	EXP 	Fixation: autoDraw = False
56.9740 	EXP 	Device response: <KeyPress from None: t=56.96658320000279, value=r, duration=None>
56.9757 	EXP 	New trial (rep=13, index=0): <Trial 52 (0 in rep 13) data={'word': 'RED', 'colour': 'blue', 'coungrency': 'I', 'cor_res': 'b', 'thisN': 52, 'thisTrialN': 0, 'thisRepN': 13}>
56.9807 	DATA 	Keypress: r
56.9893 	EXP 	Fixation: autoDraw = False
56.9893 	EXP 	cc: autoDraw = False
56.9893 	EXP 	cc: foreColor = <psychopy.colors.Color: blue, alpha=1.0>
56.9893 	EXP 	cc: text = 'RED'
56.9893 	EXP 	Fixation: autoDraw = True
57.1919 	EXP 	Device response: <KeyPress from None: t=56.96658320000279, value=r, duration=0.2079811999865342>
57.4902 	INFO 	Keyboard events cleared
57.4890 	EXP 	Fixation: autoDraw = False
57.4890 	EXP 	cc: autoDraw = True
58.0574 	EXP 	Device response: <KeyPress from None: t=58.05461240001023, value=b, duration=None>
58.0592 	EXP 	New trial (rep=13, index=1): <Trial 53 (1 in rep 13) data={'word': 'BLUE', 'colour': 'blue', 'coungrency': 'C', 'cor_res': 'b', 'thisN': 53, 'thisTrialN': 1, 'thisRepN': 13}>
58.0718 	DATA 	Keypress: b
58.0751 	EXP 	Fixation: autoDraw = False
58.0751 	EXP 	cc: autoDraw = False
58.0751 	EXP 	cc: foreColor = <psychopy.colors.Color: blue, alpha=1.0>
58.0751 	EXP 	cc: height = np.float64(50.0)
58.0751 	EXP 	cc: height = np.float64(50.0)
58.0751 	EXP 	cc: height = np.float64(50.0)
58.0751 	EXP 	cc: text = 'BLUE'
58.0751 	EXP 	Fixation: autoDraw = True
58.3239 	EXP 	Device response: <KeyPress from None: t=58.05461240001023, value=b, duration=0.2525690000038594>
58.5740 	INFO 	Keyboard events cleared
58.5728 	EXP 	cc: autoDraw = True
58.5899 	EXP 	Fixation: autoDraw = False
58.9912 	EXP 	Device response: <KeyPress from None: t=58.98903060000157, value=b, duration=None>
58.9930 	EXP 	New trial (rep=13, index=2): <Trial 54 (2 in rep 13) data={'word': 'RED', 'colour': 'red', 'coungrency': 'C', 'cor_res': 'r', 'thisN': 54, 'thisTrialN': 2, 'thisRepN': 13}>
59.0054 	DATA 	Keypress: b
59.0101 	EXP 	Fixation: autoDraw = False
59.0101 	EXP 	cc: autoDraw = False
59.0101 	EXP 	cc: foreColor = <psychopy.colors.Color: red, alpha=1.0>
59.0101 	EXP 	cc: height = np.float64(50.0)
59.0101 	EXP 	cc: height = np.float64(50.0)
59.0101 	EXP 	cc: height = np.float64(50.0)
59.0101 	EXP 	cc: text = 'RED'
59.0101 	EXP 	Fixation: autoDraw = True
59.2751 	EXP 	Device response: <KeyPress from None: t=58.98903060000157, value=b, duration=0.2838192000053823>
59.5064 	INFO 	Keyboard events cleared
59.5052 	EXP 	cc: autoDraw = True
59.5227 	EXP 	Fixation: autoDraw = False
59.9748 	EXP 	Device response: <KeyPress from None: t=59.96132589998888, value=r, duration=None>
59.9766 	EXP 	New trial (rep=13, index=3): <Trial 55 (3 in rep 13) data={'word': 'BLUE', 'colour': 'red', 'coungrency': 'I', 'cor_res': 'r', 'thisN': 55, 'thisTrialN': 3, 'thisRepN': 13}>
59.9888 	DATA 	Keypress: r
59.9923 	EXP 	Fixation: autoDraw = False
59.9923 	EXP 	cc: autoDraw = False
59.9923 	EXP 	cc: foreColor = <psychopy.colors.Color: red, alpha=1.0>
59.9923 	EXP 	cc: height = np.float64(50.0)
59.9923 	EXP 	cc: height = np.float64(50.0)
59.9923 	EXP 	cc: height = np.float64(50.0)
59.9923 	EXP 	cc: text = 'BLUE'
59.9923 	EXP 	Fixation: autoDraw = True
60.1916 	EXP 	Device response: <KeyPress from None: t=59.96132589998888, value=r, duration=0.22822350001661107>
60.4903 	INFO 	Keyboard events cleared
60.4891 	EXP 	cc: autoDraw = True
60.5058 	EXP 	Fixation: autoDraw = False
60.9407 	EXP 	Device response: <KeyPress from None: t=60.938175699993735, value=r, duration=None>
60.9428 	EXP 	New trial (rep=14, index=0): <Trial 56 (0 in rep 14) data={'word': 'RED', 'colour': 'red', 'coungrency': 'C', 'cor_res': 'r', 'thisN': 56, 'thisTrialN': 0, 'thisRepN': 14}>
60.9542 	DATA 	Keypress: r
60.9577 	EXP 	Fixation: autoDraw = False
60.9577 	EXP 	cc: autoDraw = False
60.9577 	EXP 	cc: foreColor = <psychopy.colors.Color: red, alpha=1.0>
60.9577 	EXP 	cc: height = np.float64(50.0)
60.9577 	EXP 	cc: height = np.float64(50.0)
60.9577 	EXP 	cc: height = np.float64(50.0)
60.9577 	EXP 	cc: text = 'RED'
60.9577 	EXP 	Fixation: autoDraw = True
61.2075 	EXP 	Device response: <KeyPress from None: t=60.938175699993735, value=r, duration=0.2590286000049673>
61.4571 	INFO 	Keyboard events cleared
61.4559 	EXP 	cc: autoDraw = True
61.4723 	EXP 	Fixation: autoDraw = False
61.9407 	EXP 	Device response: <KeyPress from None: t=61.92813469999237, value=r, duration=None>
61.9426 	EXP 	New trial (rep=14, index=1): <Trial 57 (1 in rep 14) data={'word': 'BLUE', 'colour': 'blue', 'coungrency': 'C', 'cor_res': 'b', 'thisN': 57, 'thisTrialN': 1, 'thisRepN': 14}>
61.9544 	DATA 	Keypress: r
61.9577 	EXP 	Fixation: autoDraw = False
61.9577 	EXP 	cc: autoDraw = False
61.9577 	EXP 	cc: foreColor = <psychopy.colors.Color: blue, alpha=1.0>
61.9577 	EXP 	cc: height = np.float64(50.0)
61.9577 	EXP 	cc: height = np.float64(50.0)
61.9577 	EXP 	cc: height = np.float64(50.0)
61.9577 	EXP 	cc: text = 'BLUE'
61.9577 	EXP 	Fixation: autoDraw = True
62.1249 	EXP 	Device response: <KeyPress from None: t=61.92813469999237, value=r, duration=0.17973620002157986>
62.4568 	INFO 	Keyboard events cleared
62.4554 	EXP 	cc: autoDraw = True
62.4720 	EXP 	Fixation: autoDraw = False
63.0250 	EXP 	Device response: <KeyPress from None: t=63.021578999992926, value=b, duration=None>
63.0266 	EXP 	New trial (rep=14, index=2): <Trial 58 (2 in rep 14) data={'word': 'RED', 'colour': 'blue', 'coungrency': 'I', 'cor_res': 'b', 'thisN': 58, 'thisTrialN': 2, 'thisRepN': 14}>
63.0393 	DATA 	Keypress: b
63.0426 	EXP 	Fixation: autoDraw = False
63.0426 	EXP 	cc: autoDraw = False
63.0426 	EXP 	cc: foreColor = <psychopy.colors.Color: blue, alpha=1.0>
63.0426 	EXP 	cc: height = np.float64(50.0)
63.0426 	EXP 	cc: height = np.float64(50.0)
63.0426 	EXP 	cc: height = np.float64(50.0)
63.0426 	EXP 	cc: text = 'RED'
63.0426 	EXP 	Fixation: autoDraw = True
63.2584 	EXP 	Device response: <KeyPress from None: t=63.021578999992926, value=b, duration=0.2346728999982588>
63.5412 	INFO 	Keyboard events cleared
63.5396 	EXP 	cc: autoDraw = True
63.5556 	EXP 	Fixation: autoDraw = False
64.2420 	EXP 	Device response: <KeyPress from None: t=64.23957700000028, value=b, duration=None>
64.2437 	EXP 	New trial (rep=14, index=3): <Trial 59 (3 in rep 14) data={'word': 'BLUE', 'colour': 'red', 'coungrency': 'I', 'cor_res': 'r', 'thisN': 59, 'thisTrialN': 3, 'thisRepN': 14}>
64.2562 	DATA 	Keypress: b
64.2593 	EXP 	Fixation: autoDraw = False
64.2593 	EXP 	cc: autoDraw = False
64.2593 	EXP 	cc: foreColor = <psychopy.colors.Color: red, alpha=1.0>
64.2593 	EXP 	cc: height = np.float64(50.0)
64.2593 	EXP 	cc: height = np.float64(50.0)
64.2593 	EXP 	cc: height = np.float64(50.0)
64.2593 	EXP 	cc: text = 'BLUE'
64.2593 	EXP 	Fixation: autoDraw = True
64.4075 	EXP 	Device response: <KeyPress from None: t=64.23957700000028, value=b, duration=0.15336460000253282>
64.7573 	INFO 	Keyboard events cleared
64.7562 	EXP 	cc: autoDraw = True
64.7721 	EXP 	Fixation: autoDraw = False
65.3076 	EXP 	Device response: <KeyPress from None: t=65.29388129999279, value=r, duration=None>
65.3092 	EXP 	New trial (rep=15, index=0): <Trial 60 (0 in rep 15) data={'word': 'RED', 'colour': 'blue', 'coungrency': 'I', 'cor_res': 'b', 'thisN': 60, 'thisTrialN': 0, 'thisRepN': 15}>
65.3225 	DATA 	Keypress: r
65.3259 	EXP 	Fixation: autoDraw = False
65.3259 	EXP 	cc: autoDraw = False
65.3259 	EXP 	cc: foreColor = <psychopy.colors.Color: blue, alpha=1.0>
65.3259 	EXP 	cc: height = np.float64(50.0)
65.3259 	EXP 	cc: height = np.float64(50.0)
65.3259 	EXP 	cc: height = np.float64(50.0)
65.3259 	EXP 	cc: text = 'RED'
65.3259 	EXP 	Fixation: autoDraw = True
65.5253 	EXP 	Device response: <KeyPress from None: t=65.29388129999279, value=r, duration=0.22535550000611693>
65.8241 	INFO 	Keyboard events cleared
65.8229 	EXP 	cc: autoDraw = True
65.8397 	EXP 	Fixation: autoDraw = False
66.5409 	EXP 	Device response: <KeyPress from None: t=66.53172020000056, value=b, duration=None>
66.5425 	EXP 	New trial (rep=15, index=1): <Trial 61 (1 in rep 15) data={'word': 'BLUE', 'colour': 'blue', 'coungrency': 'C', 'cor_res': 'b', 'thisN': 61, 'thisTrialN': 1, 'thisRepN': 15}>
66.5551 	DATA 	Keypress: b
66.5585 	EXP 	Fixation: autoDraw = False
66.5585 	EXP 	cc: autoDraw = False
66.5585 	EXP 	cc: foreColor = <psychopy.colors.Color: blue, alpha=1.0>
66.5585 	EXP 	cc: height = np.float64(50.0)
66.5585 	EXP 	cc: height = np.float64(50.0)
66.5585 	EXP 	cc: height = np.float64(50.0)
66.5585 	EXP 	cc: text = 'BLUE'
66.5585 	EXP 	Fixation: autoDraw = True
66.7075 	EXP 	Device response: <KeyPress from None: t=66.53172020000056, value=b, duration=0.16900719999102876>
67.0572 	INFO 	Keyboard events cleared
67.0560 	EXP 	cc: autoDraw = True
67.0727 	EXP 	Fixation: autoDraw = False
67.6577 	EXP 	Device response: <KeyPress from None: t=67.64929989998927, value=b, duration=None>
67.6594 	EXP 	New trial (rep=15, index=2): <Trial 62 (2 in rep 15) data={'word': 'BLUE', 'colour': 'red', 'coungrency': 'I', 'cor_res': 'r', 'thisN': 62, 'thisTrialN': 2, 'thisRepN': 15}>
67.6640 	DATA 	Keypress: b
67.6731 	EXP 	Fixation: autoDraw = False
67.6731 	EXP 	cc: autoDraw = False
67.6731 	EXP 	cc: foreColor = <psychopy.colors.Color: red, alpha=1.0>
67.6731 	EXP 	cc: text = 'BLUE'
67.6731 	EXP 	Fixation: autoDraw = True
67.8255 	EXP 	Device response: <KeyPress from None: t=67.64929989998927, value=b, duration=0.16523150002467446>
68.1743 	INFO 	Keyboard events cleared
68.1729 	EXP 	Fixation: autoDraw = False
68.1729 	EXP 	cc: autoDraw = True
68.6586 	EXP 	Device response: <KeyPress from None: t=68.64649250000366, value=r, duration=None>
68.6604 	EXP 	New trial (rep=15, index=3): <Trial 63 (3 in rep 15) data={'word': 'RED', 'colour': 'red', 'coungrency': 'C', 'cor_res': 'r', 'thisN': 63, 'thisTrialN': 3, 'thisRepN': 15}>
68.6736 	DATA 	Keypress: r
68.6773 	EXP 	Fixation: autoDraw = False
68.6773 	EXP 	cc: autoDraw = False
68.6773 	EXP 	cc: foreColor = <psychopy.colors.Color: red, alpha=1.0>
68.6773 	EXP 	cc: height = np.float64(50.0)
68.6773 	EXP 	cc: height = np.float64(50.0)
68.6773 	EXP 	cc: height = np.float64(50.0)
68.6773 	EXP 	cc: text = 'RED'
68.6773 	EXP 	Fixation: autoDraw = True
68.8751 	EXP 	Device response: <KeyPress from None: t=68.64649250000366, value=r, duration=0.21419629998854361>
69.1742 	INFO 	Keyboard events cleared
69.1729 	EXP 	cc: autoDraw = True
69.1891 	EXP 	Fixation: autoDraw = False
69.5420 	EXP 	Device response: <KeyPress from None: t=69.53322830001707, value=r, duration=None>
69.5440 	EXP 	New trial (rep=16, index=0): <Trial 64 (0 in rep 16) data={'word': 'RED', 'colour': 'red', 'coungrency': 'C', 'cor_res': 'r', 'thisN': 64, 'thisTrialN': 0, 'thisRepN': 16}>
69.5493 	DATA 	Keypress: r
69.5563 	EXP 	Fixation: autoDraw = False
69.5563 	EXP 	cc: autoDraw = False
69.5563 	EXP 	cc: foreColor = <psychopy.colors.Color: red, alpha=1.0>
69.5563 	EXP 	cc: text = 'RED'
69.5563 	EXP 	Fixation: autoDraw = True
69.8415 	EXP 	Device response: <KeyPress from None: t=69.53322830001707, value=r, duration=0.3034099999931641>
70.0570 	INFO 	Keyboard events cleared
70.0559 	EXP 	Fixation: autoDraw = False
70.0559 	EXP 	cc: autoDraw = True
70.6257 	EXP 	Device response: <KeyPress from None: t=70.61058269999921, value=r, duration=None>
70.6273 	EXP 	New trial (rep=16, index=1): <Trial 65 (1 in rep 16) data={'word': 'BLUE', 'colour': 'red', 'coungrency': 'I', 'cor_res': 'r', 'thisN': 65, 'thisTrialN': 1, 'thisRepN': 16}>
70.6392 	DATA 	Keypress: r
70.6427 	EXP 	Fixation: autoDraw = False
70.6427 	EXP 	cc: autoDraw = False
70.6427 	EXP 	cc: foreColor = <psychopy.colors.Color: red, alpha=1.0>
70.6427 	EXP 	cc: height = np.float64(50.0)
70.6427 	EXP 	cc: height = np.float64(50.0)
70.6427 	EXP 	cc: height = np.float64(50.0)
70.6427 	EXP 	cc: text = 'BLUE'
70.6427 	EXP 	Fixation: autoDraw = True
70.8586 	EXP 	Device response: <KeyPress from None: t=70.61058269999921, value=r, duration=0.24596749999909662>
71.1417 	INFO 	Keyboard events cleared
71.1404 	EXP 	cc: autoDraw = True
71.1569 	EXP 	Fixation: autoDraw = False
71.6953 	DATA 	Keypress: r
71.7097 	EXP 	Device response: <KeyPress from None: t=71.69323679999798, value=r, duration=None>
71.7115 	EXP 	New trial (rep=16, index=2): <Trial 66 (2 in rep 16) data={'word': 'RED', 'colour': 'blue', 'coungrency': 'I', 'cor_res': 'b', 'thisN': 66, 'thisTrialN': 2, 'thisRepN': 16}>
71.7270 	EXP 	Fixation: autoDraw = False
71.7270 	EXP 	cc: autoDraw = False
71.7270 	EXP 	cc: foreColor = <psychopy.colors.Color: blue, alpha=1.0>
71.7270 	EXP 	cc: height = np.float64(50.0)
71.7270 	EXP 	cc: height = np.float64(50.0)
71.7270 	EXP 	cc: height = np.float64(50.0)
71.7270 	EXP 	cc: text = 'RED'
71.7270 	EXP 	Fixation: autoDraw = True
71.9400 	EXP 	Device response: <KeyPress from None: t=71.69323679999798, value=r, duration=0.2329158000065945>
72.2261 	INFO 	Keyboard events cleared
72.2248 	EXP 	cc: autoDraw = True
72.2390 	EXP 	Fixation: autoDraw = False
72.6410 	EXP 	Device response: <KeyPress from None: t=72.63337480000337, value=r, duration=None>
72.6426 	EXP 	New trial (rep=16, index=3): <Trial 67 (3 in rep 16) data={'word': 'BLUE', 'colour': 'blue', 'coungrency': 'C', 'cor_res': 'b', 'thisN': 67, 'thisTrialN': 3, 'thisRepN': 16}>
72.6537 	DATA 	Keypress: r
72.6579 	EXP 	Fixation: autoDraw = False
72.6579 	EXP 	cc: autoDraw = False
72.6579 	EXP 	cc: foreColor = <psychopy.colors.Color: blue, alpha=1.0>
72.6579 	EXP 	cc: height = np.float64(50.0)
72.6579 	EXP 	cc: height = np.float64(50.0)
72.6579 	EXP 	cc: height = np.float64(50.0)
72.6579 	EXP 	cc: text = 'BLUE'
72.6579 	EXP 	Fixation: autoDraw = True
72.8416 	EXP 	Device response: <KeyPress from None: t=72.63337480000337, value=r, duration=0.2009052000066731>
73.1584 	INFO 	Keyboard events cleared
73.1570 	EXP 	cc: autoDraw = True
73.1732 	EXP 	Fixation: autoDraw = False
73.6075 	EXP 	Device response: <KeyPress from None: t=73.59693040000275, value=b, duration=None>
73.6093 	EXP 	New trial (rep=17, index=0): <Trial 68 (0 in rep 17) data={'word': 'RED', 'colour': 'blue', 'coungrency': 'I', 'cor_res': 'b', 'thisN': 68, 'thisTrialN': 0, 'thisRepN': 17}>
73.6219 	DATA 	Keypress: b
73.6252 	EXP 	Fixation: autoDraw = False
73.6252 	EXP 	cc: autoDraw = False
73.6252 	EXP 	cc: foreColor = <psychopy.colors.Color: blue, alpha=1.0>
73.6252 	EXP 	cc: height = np.float64(50.0)
73.6252 	EXP 	cc: height = np.float64(50.0)
73.6252 	EXP 	cc: height = np.float64(50.0)
73.6252 	EXP 	cc: text = 'RED'
73.6252 	EXP 	Fixation: autoDraw = True
73.7744 	EXP 	Device response: <KeyPress from None: t=73.59693040000275, value=b, duration=0.17041719998815097>
74.1255 	INFO 	Keyboard events cleared
74.1239 	EXP 	cc: autoDraw = True
74.1394 	EXP 	Fixation: autoDraw = False
74.4753 	EXP 	Device response: <KeyPress from None: t=74.46855059999507, value=b, duration=None>
74.4771 	EXP 	New trial (rep=17, index=1): <Trial 69 (1 in rep 17) data={'word': 'BLUE', 'colour': 'blue', 'coungrency': 'C', 'cor_res': 'b', 'thisN': 69, 'thisTrialN': 1, 'thisRepN': 17}>
74.4907 	DATA 	Keypress: b
74.4940 	EXP 	Fixation: autoDraw = False
74.4940 	EXP 	cc: autoDraw = False
74.4940 	EXP 	cc: foreColor = <psychopy.colors.Color: blue, alpha=1.0>
74.4940 	EXP 	cc: height = np.float64(50.0)
74.4940 	EXP 	cc: height = np.float64(50.0)
74.4940 	EXP 	cc: height = np.float64(50.0)
74.4940 	EXP 	cc: text = 'BLUE'
74.4940 	EXP 	Fixation: autoDraw = True
74.6745 	EXP 	Device response: <KeyPress from None: t=74.46855059999507, value=b, duration=0.19745490001514554>
74.9918 	INFO 	Keyboard events cleared
74.9904 	EXP 	cc: autoDraw = True
75.0067 	EXP 	Fixation: autoDraw = False
75.3440 	DATA 	Keypress: b
75.3586 	EXP 	Device response: <KeyPress from None: t=75.34203510000953, value=b, duration=None>
75.3602 	EXP 	New trial (rep=17, index=2): <Trial 70 (2 in rep 17) data={'word': 'BLUE', 'colour': 'red', 'coungrency': 'I', 'cor_res': 'r', 'thisN': 70, 'thisTrialN': 2, 'thisRepN': 17}>
75.3732 	EXP 	Fixation: autoDraw = False
75.3732 	EXP 	cc: autoDraw = False
75.3732 	EXP 	cc: foreColor = <psychopy.colors.Color: red, alpha=1.0>
75.3732 	EXP 	cc: text = 'BLUE'
75.3732 	EXP 	Fixation: autoDraw = True
75.5605 	EXP 	Device response: <KeyPress from None: t=75.34203510000953, value=b, duration=0.2119317000033334>
75.8750 	INFO 	Keyboard events cleared
75.8736 	EXP 	Fixation: autoDraw = False
75.8736 	EXP 	cc: autoDraw = True
76.4746 	EXP 	Device response: <KeyPress from None: t=76.45993859998998, value=r, duration=None>
76.4763 	EXP 	New trial (rep=17, index=3): <Trial 71 (3 in rep 17) data={'word': 'RED', 'colour': 'red', 'coungrency': 'C', 'cor_res': 'r', 'thisN': 71, 'thisTrialN': 3, 'thisRepN': 17}>
76.4882 	DATA 	Keypress: r
76.4916 	EXP 	Fixation: autoDraw = False
76.4916 	EXP 	cc: autoDraw = False
76.4916 	EXP 	cc: foreColor = <psychopy.colors.Color: red, alpha=1.0>
76.4916 	EXP 	cc: height = np.float64(50.0)
76.4916 	EXP 	cc: height = np.float64(50.0)
76.4916 	EXP 	cc: height = np.float64(50.0)
76.4916 	EXP 	cc: text = 'RED'
76.4916 	EXP 	Fixation: autoDraw = True
76.6745 	EXP 	Device response: <KeyPress from None: t=76.45993859998998, value=r, duration=0.2039146000170149>
76.9888 	INFO 	Keyboard events cleared
76.9880 	EXP 	cc: autoDraw = True
77.0052 	EXP 	Fixation: autoDraw = False
77.5411 	EXP 	Device response: <KeyPress from None: t=77.52774369998951, value=b, duration=None>
77.5427 	EXP 	New trial (rep=18, index=0): <Trial 72 (0 in rep 18) data={'word': 'BLUE', 'colour': 'red', 'coungrency': 'I', 'cor_res': 'r', 'thisN': 72, 'thisTrialN': 0, 'thisRepN': 18}>
77.5547 	DATA 	Keypress: b
77.5584 	EXP 	Fixation: autoDraw = False
77.5584 	EXP 	cc: autoDraw = False
77.5584 	EXP 	cc: foreColor = <psychopy.colors.Color: red, alpha=1.0>
77.5584 	EXP 	cc: height = np.float64(50.0)
77.5584 	EXP 	cc: height = np.float64(50.0)
77.5584 	EXP 	cc: height = np.float64(50.0)
77.5584 	EXP 	cc: text = 'BLUE'
77.5584 	EXP 	Fixation: autoDraw = True
77.7415 	EXP 	Device response: <KeyPress from None: t=77.52774369998951, value=b, duration=0.1996295000135433>
78.0571 	INFO 	Keyboard events cleared
78.0560 	EXP 	cc: autoDraw = True
78.0729 	EXP 	Fixation: autoDraw = False
78.6429 	EXP 	Device response: <KeyPress from None: t=78.63552979999804, value=r, duration=None>
78.6446 	EXP 	New trial (rep=18, index=1): <Trial 73 (1 in rep 18) data={'word': 'BLUE', 'colour': 'blue', 'coungrency': 'C', 'cor_res': 'b', 'thisN': 73, 'thisTrialN': 1, 'thisRepN': 18}>
78.6492 	DATA 	Keypress: r
78.6566 	EXP 	Fixation: autoDraw = False
78.6566 	EXP 	cc: autoDraw = False
78.6566 	EXP 	cc: foreColor = <psychopy.colors.Color: blue, alpha=1.0>
78.6566 	EXP 	cc: text = 'BLUE'
78.6566 	EXP 	Fixation: autoDraw = True
78.8577 	EXP 	Device response: <KeyPress from None: t=78.63552979999804, value=r, duration=0.2057855000020936>
79.1577 	INFO 	Keyboard events cleared
79.1566 	EXP 	Fixation: autoDraw = False
79.1566 	EXP 	cc: autoDraw = True
79.8422 	EXP 	Device response: <KeyPress from None: t=79.83869830000913, value=b, duration=None>
79.8439 	EXP 	New trial (rep=18, index=2): <Trial 74 (2 in rep 18) data={'word': 'RED', 'colour': 'red', 'coungrency': 'C', 'cor_res': 'r', 'thisN': 74, 'thisTrialN': 2, 'thisRepN': 18}>
79.8560 	DATA 	Keypress: b
79.8594 	EXP 	Fixation: autoDraw = False
79.8594 	EXP 	cc: autoDraw = False
79.8594 	EXP 	cc: foreColor = <psychopy.colors.Color: red, alpha=1.0>
79.8594 	EXP 	cc: height = np.float64(50.0)
79.8594 	EXP 	cc: height = np.float64(50.0)
79.8594 	EXP 	cc: height = np.float64(50.0)
79.8594 	EXP 	cc: text = 'RED'
79.8594 	EXP 	Fixation: autoDraw = True
80.0419 	EXP 	Device response: <KeyPress from None: t=79.83869830000913, value=b, duration=0.19045239998376928>
80.3587 	INFO 	Keyboard events cleared
80.3572 	EXP 	cc: autoDraw = True
80.3732 	EXP 	Fixation: autoDraw = False
81.0911 	EXP 	Device response: <KeyPress from None: t=81.08322780000162, value=r, duration=None>
81.0928 	EXP 	New trial (rep=18, index=3): <Trial 75 (3 in rep 18) data={'word': 'RED', 'colour': 'blue', 'coungrency': 'I', 'cor_res': 'b', 'thisN': 75, 'thisTrialN': 3, 'thisRepN': 18}>
81.0974 	DATA 	Keypress: r
81.1067 	EXP 	Fixation: autoDraw = False
81.1067 	EXP 	cc: autoDraw = False
81.1067 	EXP 	cc: foreColor = <psychopy.colors.Color: blue, alpha=1.0>
81.1067 	EXP 	cc: text = 'RED'
81.1067 	EXP 	Fixation: autoDraw = True
81.2914 	EXP 	Device response: <KeyPress from None: t=81.08322780000162, value=r, duration=0.19143959999200888>
81.6073 	INFO 	Keyboard events cleared
81.6061 	EXP 	Fixation: autoDraw = False
81.6061 	EXP 	cc: autoDraw = True
82.4920 	EXP 	Device response: <KeyPress from None: t=82.48973309999565, value=b, duration=None>
82.4937 	EXP 	New trial (rep=19, index=0): <Trial 76 (0 in rep 19) data={'word': 'RED', 'colour': 'blue', 'coungrency': 'I', 'cor_res': 'b', 'thisN': 76, 'thisTrialN': 0, 'thisRepN': 19}>
82.4983 	DATA 	Keypress: b
82.5068 	EXP 	Fixation: autoDraw = False
82.5068 	EXP 	cc: autoDraw = False
82.5068 	EXP 	cc: foreColor = <psychopy.colors.Color: blue, alpha=1.0>
82.5068 	EXP 	cc: text = 'RED'
82.5068 	EXP 	Fixation: autoDraw = True
82.6912 	EXP 	Device response: <KeyPress from None: t=82.48973309999565, value=b, duration=0.18581670001731254>
83.0073 	INFO 	Keyboard events cleared
83.0059 	EXP 	Fixation: autoDraw = False
83.0059 	EXP 	cc: autoDraw = True
83.6112 	DATA 	Keypress: b
83.6256 	EXP 	Device response: <KeyPress from None: t=83.60926980001386, value=b, duration=None>
83.6275 	EXP 	New trial (rep=19, index=1): <Trial 77 (1 in rep 19) data={'word': 'BLUE', 'colour': 'blue', 'coungrency': 'C', 'cor_res': 'b', 'thisN': 77, 'thisTrialN': 1, 'thisRepN': 19}>
83.6424 	EXP 	Fixation: autoDraw = False
83.6424 	EXP 	cc: autoDraw = False
83.6424 	EXP 	cc: foreColor = <psychopy.colors.Color: blue, alpha=1.0>
83.6424 	EXP 	cc: height = np.float64(50.0)
83.6424 	EXP 	cc: height = np.float64(50.0)
83.6424 	EXP 	cc: height = np.float64(50.0)
83.6424 	EXP 	cc: text = 'BLUE'
83.6424 	EXP 	Fixation: autoDraw = True
83.8411 	EXP 	Device response: <KeyPress from None: t=83.60926980001386, value=b, duration=0.21676809998461977>
84.1418 	INFO 	Keyboard events cleared
84.1405 	EXP 	cc: autoDraw = True
84.1564 	EXP 	Fixation: autoDraw = False
84.5748 	EXP 	Device response: <KeyPress from None: t=84.56267879999359, value=b, duration=None>
84.5765 	EXP 	New trial (rep=19, index=2): <Trial 78 (2 in rep 19) data={'word': 'RED', 'colour': 'red', 'coungrency': 'C', 'cor_res': 'r', 'thisN': 78, 'thisTrialN': 2, 'thisRepN': 19}>
84.5881 	DATA 	Keypress: b
84.5916 	EXP 	Fixation: autoDraw = False
84.5916 	EXP 	cc: autoDraw = False
84.5916 	EXP 	cc: foreColor = <psychopy.colors.Color: red, alpha=1.0>
84.5916 	EXP 	cc: height = np.float64(50.0)
84.5916 	EXP 	cc: height = np.float64(50.0)
84.5916 	EXP 	cc: height = np.float64(50.0)
84.5916 	EXP 	cc: text = 'RED'
84.5916 	EXP 	Fixation: autoDraw = True
84.7582 	EXP 	Device response: <KeyPress from None: t=84.56267879999359, value=b, duration=0.18608330001006834>
85.0913 	INFO 	Keyboard events cleared
85.0901 	EXP 	cc: autoDraw = True
85.1062 	EXP 	Fixation: autoDraw = False
85.5604 	EXP 	Device response: <KeyPress from None: t=85.54798110001138, value=r, duration=None>
85.5620 	EXP 	New trial (rep=19, index=3): <Trial 79 (3 in rep 19) data={'word': 'BLUE', 'colour': 'red', 'coungrency': 'I', 'cor_res': 'r', 'thisN': 79, 'thisTrialN': 3, 'thisRepN': 19}>
85.5756 	DATA 	Keypress: r
85.5803 	EXP 	Fixation: autoDraw = False
85.5803 	EXP 	cc: autoDraw = False
85.5803 	EXP 	cc: foreColor = <psychopy.colors.Color: red, alpha=1.0>
85.5803 	EXP 	cc: height = np.float64(50.0)
85.5803 	EXP 	cc: height = np.float64(50.0)
85.5803 	EXP 	cc: height = np.float64(50.0)
85.5803 	EXP 	cc: text = 'BLUE'
85.5803 	EXP 	Fixation: autoDraw = True
85.7077 	EXP 	Device response: <KeyPress from None: t=85.54798110001138, value=r, duration=0.14826759998686612>
86.0743 	INFO 	Keyboard events cleared
86.0730 	EXP 	cc: autoDraw = True
86.0895 	EXP 	Fixation: autoDraw = False
86.7086 	EXP 	Device response: <KeyPress from None: t=86.69704810000258, value=r, duration=None>
86.7104 	EXP 	New trial (rep=20, index=0): <Trial 80 (0 in rep 20) data={'word': 'RED', 'colour': 'blue', 'coungrency': 'I', 'cor_res': 'b', 'thisN': 80, 'thisTrialN': 0, 'thisRepN': 20}>
86.7221 	DATA 	Keypress: r
86.7254 	EXP 	Fixation: autoDraw = False
86.7254 	EXP 	cc: autoDraw = False
86.7254 	EXP 	cc: foreColor = <psychopy.colors.Color: blue, alpha=1.0>
86.7254 	EXP 	cc: height = np.float64(50.0)
86.7254 	EXP 	cc: height = np.float64(50.0)
86.7254 	EXP 	cc: height = np.float64(50.0)
86.7254 	EXP 	cc: text = 'RED'
86.7254 	EXP 	Fixation: autoDraw = True
86.8914 	EXP 	Device response: <KeyPress from None: t=86.69704810000258, value=r, duration=0.18670859999838285>
87.2254 	INFO 	Keyboard events cleared
87.2242 	EXP 	cc: autoDraw = True
87.2395 	EXP 	Fixation: autoDraw = False
87.9096 	EXP 	Device response: <KeyPress from None: t=87.90776030000416, value=b, duration=None>
87.9119 	DATA 	Keypress: b
87.9269 	EXP 	New trial (rep=20, index=1): <Trial 81 (1 in rep 20) data={'word': 'BLUE', 'colour': 'red', 'coungrency': 'I', 'cor_res': 'r', 'thisN': 81, 'thisTrialN': 1, 'thisRepN': 20}>
87.9409 	EXP 	Fixation: autoDraw = False
87.9409 	EXP 	cc: autoDraw = False
87.9409 	EXP 	cc: foreColor = <psychopy.colors.Color: red, alpha=1.0>
87.9409 	EXP 	cc: height = np.float64(50.0)
87.9409 	EXP 	cc: height = np.float64(50.0)
87.9409 	EXP 	cc: height = np.float64(50.0)
87.9409 	EXP 	cc: text = 'BLUE'
87.9409 	EXP 	Fixation: autoDraw = True
88.0753 	EXP 	Device response: <KeyPress from None: t=87.90776030000416, value=b, duration=0.15626640000846237>
88.4408 	INFO 	Keyboard events cleared
88.4396 	EXP 	Fixation: autoDraw = False
88.4396 	EXP 	cc: autoDraw = True
89.3431 	EXP 	Device response: <KeyPress from None: t=89.34091600001557, value=r, duration=None>
89.3447 	EXP 	New trial (rep=20, index=2): <Trial 82 (2 in rep 20) data={'word': 'BLUE', 'colour': 'blue', 'coungrency': 'C', 'cor_res': 'b', 'thisN': 82, 'thisTrialN': 2, 'thisRepN': 20}>
89.3492 	DATA 	Keypress: r
89.3577 	EXP 	Fixation: autoDraw = False
89.3577 	EXP 	cc: autoDraw = False
89.3577 	EXP 	cc: foreColor = <psychopy.colors.Color: blue, alpha=1.0>
89.3577 	EXP 	cc: text = 'BLUE'
89.3577 	EXP 	Fixation: autoDraw = True
89.6093 	EXP 	Device response: <KeyPress from None: t=89.34091600001557, value=r, duration=0.26398930000141263>
89.8598 	INFO 	Keyboard events cleared
89.8583 	EXP 	Fixation: autoDraw = False
89.8583 	EXP 	cc: autoDraw = True
90.4085 	EXP 	Device response: <KeyPress from None: t=90.39534270000877, value=b, duration=None>
90.4101 	EXP 	New trial (rep=20, index=3): <Trial 83 (3 in rep 20) data={'word': 'RED', 'colour': 'red', 'coungrency': 'C', 'cor_res': 'r', 'thisN': 83, 'thisTrialN': 3, 'thisRepN': 20}>
90.4225 	DATA 	Keypress: b
90.4259 	EXP 	Fixation: autoDraw = False
90.4259 	EXP 	cc: autoDraw = False
90.4259 	EXP 	cc: foreColor = <psychopy.colors.Color: red, alpha=1.0>
90.4259 	EXP 	cc: height = np.float64(50.0)
90.4259 	EXP 	cc: height = np.float64(50.0)
90.4259 	EXP 	cc: height = np.float64(50.0)
90.4259 	EXP 	cc: text = 'RED'
90.4259 	EXP 	Fixation: autoDraw = True
90.6424 	EXP 	Device response: <KeyPress from None: t=90.39534270000877, value=b, duration=0.23797109999577515>
90.9261 	INFO 	Keyboard events cleared
90.9248 	EXP 	cc: autoDraw = True
90.9401 	EXP 	Fixation: autoDraw = False
91.5420 	EXP 	Device response: <KeyPress from None: t=91.53880060001393, value=r, duration=None>
91.5438 	EXP 	New trial (rep=21, index=0): <Trial 84 (0 in rep 21) data={'word': 'BLUE', 'colour': 'blue', 'coungrency': 'C', 'cor_res': 'b', 'thisN': 84, 'thisTrialN': 0, 'thisRepN': 21}>
91.5555 	DATA 	Keypress: r
91.5589 	EXP 	Fixation: autoDraw = False
91.5589 	EXP 	cc: autoDraw = False
91.5589 	EXP 	cc: foreColor = <psychopy.colors.Color: blue, alpha=1.0>
91.5589 	EXP 	cc: height = np.float64(50.0)
91.5589 	EXP 	cc: height = np.float64(50.0)
91.5589 	EXP 	cc: height = np.float64(50.0)
91.5589 	EXP 	cc: text = 'BLUE'
91.5589 	EXP 	Fixation: autoDraw = True
91.7587 	EXP 	Device response: <KeyPress from None: t=91.53880060001393, value=r, duration=0.20589399998425506>
92.0581 	INFO 	Keyboard events cleared
92.0569 	EXP 	cc: autoDraw = True
92.0729 	EXP 	Fixation: autoDraw = False
92.6915 	EXP 	Device response: <KeyPress from None: t=92.68135689999326, value=b, duration=None>
92.6931 	EXP 	New trial (rep=21, index=1): <Trial 85 (1 in rep 21) data={'word': 'BLUE', 'colour': 'red', 'coungrency': 'I', 'cor_res': 'r', 'thisN': 85, 'thisTrialN': 1, 'thisRepN': 21}>
92.6977 	DATA 	Keypress: b
92.7070 	EXP 	Fixation: autoDraw = False
92.7070 	EXP 	cc: autoDraw = False
92.7070 	EXP 	cc: foreColor = <psychopy.colors.Color: red, alpha=1.0>
92.7070 	EXP 	cc: text = 'BLUE'
92.7070 	EXP 	Fixation: autoDraw = True
92.8914 	EXP 	Device response: <KeyPress from None: t=92.68135689999326, value=b, duration=0.1955368000199087>
93.2083 	INFO 	Keyboard events cleared
93.2067 	EXP 	Fixation: autoDraw = False
93.2067 	EXP 	cc: autoDraw = True
93.7747 	EXP 	Device response: <KeyPress from None: t=93.76555509999162, value=r, duration=None>
93.7765 	EXP 	New trial (rep=21, index=2): <Trial 86 (2 in rep 21) data={'word': 'RED', 'colour': 'red', 'coungrency': 'C', 'cor_res': 'r', 'thisN': 86, 'thisTrialN': 2, 'thisRepN': 21}>
93.7885 	DATA 	Keypress: r
93.7921 	EXP 	Fixation: autoDraw = False
93.7921 	EXP 	cc: autoDraw = False
93.7921 	EXP 	cc: foreColor = <psychopy.colors.Color: red, alpha=1.0>
93.7921 	EXP 	cc: height = np.float64(50.0)
93.7921 	EXP 	cc: height = np.float64(50.0)
93.7921 	EXP 	cc: height = np.float64(50.0)
93.7921 	EXP 	cc: text = 'RED'
93.7921 	EXP 	Fixation: autoDraw = True
94.0106 	EXP 	Device response: <KeyPress from None: t=93.76555509999162, value=r, duration=0.22968150000087917>
94.2923 	INFO 	Keyboard events cleared
94.2911 	EXP 	cc: autoDraw = True
94.3068 	EXP 	Fixation: autoDraw = False
94.7431 	EXP 	Device response: <KeyPress from None: t=94.73862570000347, value=r, duration=None>
94.7447 	EXP 	New trial (rep=21, index=3): <Trial 87 (3 in rep 21) data={'word': 'RED', 'colour': 'blue', 'coungrency': 'I', 'cor_res': 'b', 'thisN': 87, 'thisTrialN': 3, 'thisRepN': 21}>
94.7492 	DATA 	Keypress: r
94.7570 	EXP 	Fixation: autoDraw = False
94.7570 	EXP 	cc: autoDraw = False
94.7570 	EXP 	cc: foreColor = <psychopy.colors.Color: blue, alpha=1.0>
94.7570 	EXP 	cc: text = 'RED'
94.7570 	EXP 	Fixation: autoDraw = True
94.9920 	EXP 	Device response: <KeyPress from None: t=94.73862570000347, value=r, duration=0.24745039999834262>
95.2575 	INFO 	Keyboard events cleared
95.2563 	EXP 	Fixation: autoDraw = False
95.2563 	EXP 	cc: autoDraw = True
95.7763 	EXP 	Device response: <KeyPress from None: t=95.77451750001637, value=b, duration=None>
95.7785 	DATA 	Keypress: b
95.7947 	EXP 	New trial (rep=22, index=0): <Trial 88 (0 in rep 22) data={'word': 'BLUE', 'colour': 'blue', 'coungrency': 'C', 'cor_res': 'b', 'thisN': 88, 'thisTrialN': 0, 'thisRepN': 22}>
95.8097 	EXP 	Fixation: autoDraw = False
95.8097 	EXP 	cc: autoDraw = False
95.8097 	EXP 	cc: foreColor = <psychopy.colors.Color: blue, alpha=1.0>
95.8097 	EXP 	cc: height = np.float64(50.0)
95.8097 	EXP 	cc: height = np.float64(50.0)
95.8097 	EXP 	cc: height = np.float64(50.0)
95.8097 	EXP 	cc: text = 'BLUE'
95.8097 	EXP 	Fixation: autoDraw = True
96.0250 	EXP 	Device response: <KeyPress from None: t=95.77451750001637, value=b, duration=0.23801959998672828>
96.3082 	INFO 	Keyboard events cleared
96.3070 	EXP 	cc: autoDraw = True
96.3231 	EXP 	Fixation: autoDraw = False
96.6917 	EXP 	Device response: <KeyPress from None: t=96.67833090000204, value=b, duration=None>
96.6937 	EXP 	New trial (rep=22, index=1): <Trial 89 (1 in rep 22) data={'word': 'RED', 'colour': 'red', 'coungrency': 'C', 'cor_res': 'r', 'thisN': 89, 'thisTrialN': 1, 'thisRepN': 22}>
96.7056 	DATA 	Keypress: b
96.7091 	EXP 	Fixation: autoDraw = False
96.7091 	EXP 	cc: autoDraw = False
96.7091 	EXP 	cc: foreColor = <psychopy.colors.Color: red, alpha=1.0>
96.7091 	EXP 	cc: height = np.float64(50.0)
96.7091 	EXP 	cc: height = np.float64(50.0)
96.7091 	EXP 	cc: height = np.float64(50.0)
96.7091 	EXP 	cc: text = 'RED'
96.7091 	EXP 	Fixation: autoDraw = True
96.9417 	EXP 	Device response: <KeyPress from None: t=96.67833090000204, value=b, duration=0.2534768999903463>
97.2075 	INFO 	Keyboard events cleared
97.2064 	EXP 	cc: autoDraw = True
97.2245 	EXP 	Fixation: autoDraw = False
97.6788 	DATA 	Keypress: r
97.6926 	EXP 	Device response: <KeyPress from None: t=97.67644400001154, value=r, duration=None>
97.6941 	EXP 	New trial (rep=22, index=2): <Trial 90 (2 in rep 22) data={'word': 'BLUE', 'colour': 'red', 'coungrency': 'I', 'cor_res': 'r', 'thisN': 90, 'thisTrialN': 2, 'thisRepN': 22}>
97.7090 	EXP 	Fixation: autoDraw = False
97.7090 	EXP 	cc: autoDraw = False
97.7090 	EXP 	cc: foreColor = <psychopy.colors.Color: red, alpha=1.0>
97.7090 	EXP 	cc: height = np.float64(50.0)
97.7090 	EXP 	cc: height = np.float64(50.0)
97.7090 	EXP 	cc: height = np.float64(50.0)
97.7090 	EXP 	cc: text = 'BLUE'
97.7090 	EXP 	Fixation: autoDraw = True
97.9258 	EXP 	Device response: <KeyPress from None: t=97.67644400001154, value=r, duration=0.24726319999899715>
98.2093 	INFO 	Keyboard events cleared
98.2077 	EXP 	cc: autoDraw = True
98.2231 	EXP 	Fixation: autoDraw = False
98.8605 	EXP 	Device response: <KeyPress from None: t=98.8582968999981, value=b, duration=None>
98.8628 	DATA 	Keypress: b
98.8770 	EXP 	New trial (rep=22, index=3): <Trial 91 (3 in rep 22) data={'word': 'RED', 'colour': 'blue', 'coungrency': 'I', 'cor_res': 'b', 'thisN': 91, 'thisTrialN': 3, 'thisRepN': 22}>
98.8921 	EXP 	Fixation: autoDraw = False
98.8921 	EXP 	cc: autoDraw = False
98.8921 	EXP 	cc: foreColor = <psychopy.colors.Color: blue, alpha=1.0>
98.8921 	EXP 	cc: height = np.float64(50.0)
98.8921 	EXP 	cc: height = np.float64(50.0)
98.8921 	EXP 	cc: height = np.float64(50.0)
98.8921 	EXP 	cc: text = 'RED'
98.8921 	EXP 	Fixation: autoDraw = True
99.0762 	EXP 	Device response: <KeyPress from None: t=98.8582968999981, value=b, duration=0.21580229999381118>
99.3927 	INFO 	Keyboard events cleared
99.3911 	EXP 	cc: autoDraw = True
99.4070 	EXP 	Fixation: autoDraw = False
99.7761 	EXP 	Device response: <KeyPress from None: t=99.7662263000093, value=b, duration=None>
99.7780 	EXP 	New trial (rep=23, index=0): <Trial 92 (0 in rep 23) data={'word': 'RED', 'colour': 'blue', 'coungrency': 'I', 'cor_res': 'b', 'thisN': 92, 'thisTrialN': 0, 'thisRepN': 23}>
99.7839 	DATA 	Keypress: b
99.7912 	EXP 	Fixation: autoDraw = False
99.7912 	EXP 	cc: autoDraw = False
99.7912 	EXP 	cc: foreColor = <psychopy.colors.Color: blue, alpha=1.0>
99.7912 	EXP 	cc: text = 'RED'
99.7912 	EXP 	Fixation: autoDraw = True
100.0255 	EXP 	Device response: <KeyPress from None: t=99.7662263000093, value=b, duration=0.24639029998797923>
100.2910 	INFO 	Keyboard events cleared
100.2898 	EXP 	cc: autoDraw = True
100.3072 	EXP 	Fixation: autoDraw = False
100.6456 	DATA 	Keypress: r
100.6593 	EXP 	Device response: <KeyPress from None: t=100.64361110000755, value=r, duration=None>
100.6612 	EXP 	New trial (rep=23, index=1): <Trial 93 (1 in rep 23) data={'word': 'RED', 'colour': 'red', 'coungrency': 'C', 'cor_res': 'r', 'thisN': 93, 'thisTrialN': 1, 'thisRepN': 23}>
100.6739 	EXP 	Fixation: autoDraw = False
100.6739 	EXP 	cc: autoDraw = False
100.6739 	EXP 	cc: foreColor = <psychopy.colors.Color: red, alpha=1.0>
100.6739 	EXP 	cc: text = 'RED'
100.6739 	EXP 	Fixation: autoDraw = True
100.9083 	EXP 	Device response: <KeyPress from None: t=100.64361110000755, value=r, duration=0.25207449999288656>
101.1745 	INFO 	Keyboard events cleared
101.1734 	EXP 	Fixation: autoDraw = False
101.1734 	EXP 	cc: autoDraw = True
101.7588 	EXP 	Device response: <KeyPress from None: t=101.74971480001113, value=r, duration=None>
101.7606 	EXP 	New trial (rep=23, index=2): <Trial 94 (2 in rep 23) data={'word': 'BLUE', 'colour': 'red', 'coungrency': 'I', 'cor_res': 'r', 'thisN': 94, 'thisTrialN': 2, 'thisRepN': 23}>
101.7735 	DATA 	Keypress: r
101.7769 	EXP 	Fixation: autoDraw = False
101.7769 	EXP 	cc: autoDraw = False
101.7769 	EXP 	cc: foreColor = <psychopy.colors.Color: red, alpha=1.0>
101.7769 	EXP 	cc: height = np.float64(50.0)
101.7769 	EXP 	cc: height = np.float64(50.0)
101.7769 	EXP 	cc: height = np.float64(50.0)
101.7769 	EXP 	cc: text = 'BLUE'
101.7769 	EXP 	Fixation: autoDraw = True
102.0095 	EXP 	Device response: <KeyPress from None: t=101.74971480001113, value=r, duration=0.2526912000030279>
102.2750 	INFO 	Keyboard events cleared
102.2738 	EXP 	cc: autoDraw = True
102.2897 	EXP 	Fixation: autoDraw = False
102.7424 	EXP 	Device response: <KeyPress from None: t=102.73160279999138, value=r, duration=None>
102.7440 	EXP 	New trial (rep=23, index=3): <Trial 95 (3 in rep 23) data={'word': 'BLUE', 'colour': 'blue', 'coungrency': 'C', 'cor_res': 'b', 'thisN': 95, 'thisTrialN': 3, 'thisRepN': 23}>
102.7490 	DATA 	Keypress: r
102.7575 	EXP 	Fixation: autoDraw = False
102.7575 	EXP 	cc: autoDraw = False
102.7575 	EXP 	cc: foreColor = <psychopy.colors.Color: blue, alpha=1.0>
102.7575 	EXP 	cc: text = 'BLUE'
102.7575 	EXP 	Fixation: autoDraw = True
102.9934 	EXP 	Device response: <KeyPress from None: t=102.73160279999138, value=r, duration=0.2525997000047937>
103.2586 	INFO 	Keyboard events cleared
103.2573 	EXP 	Fixation: autoDraw = False
103.2573 	EXP 	cc: autoDraw = True
103.8108 	EXP 	Device response: <KeyPress from None: t=103.80882850001217, value=b, duration=None>
103.8131 	DATA 	Keypress: b
103.8270 	EXP 	New trial (rep=24, index=0): <Trial 96 (0 in rep 24) data={'word': 'BLUE', 'colour': 'blue', 'coungrency': 'C', 'cor_res': 'b', 'thisN': 96, 'thisTrialN': 0, 'thisRepN': 24}>
103.8406 	EXP 	Fixation: autoDraw = False
103.8406 	EXP 	cc: autoDraw = False
103.8406 	EXP 	cc: foreColor = <psychopy.colors.Color: blue, alpha=1.0>
103.8406 	EXP 	cc: text = 'BLUE'
103.8406 	EXP 	Fixation: autoDraw = True
104.0261 	EXP 	Device response: <KeyPress from None: t=103.80882850001217, value=b, duration=0.20263089999207295>
104.3421 	INFO 	Keyboard events cleared
104.3405 	EXP 	Fixation: autoDraw = False
104.3405 	EXP 	cc: autoDraw = True
104.8927 	EXP 	Device response: <KeyPress from None: t=104.89025200001197, value=b, duration=None>
104.8944 	EXP 	New trial (rep=24, index=1): <Trial 97 (1 in rep 24) data={'word': 'BLUE', 'colour': 'red', 'coungrency': 'I', 'cor_res': 'r', 'thisN': 97, 'thisTrialN': 1, 'thisRepN': 24}>
104.8997 	DATA 	Keypress: b
104.9077 	EXP 	Fixation: autoDraw = False
104.9077 	EXP 	cc: autoDraw = False
104.9077 	EXP 	cc: foreColor = <psychopy.colors.Color: red, alpha=1.0>
104.9077 	EXP 	cc: text = 'BLUE'
104.9077 	EXP 	Fixation: autoDraw = True
105.1085 	EXP 	Device response: <KeyPress from None: t=104.89025200001197, value=b, duration=0.20271889999276027>
105.4089 	INFO 	Keyboard events cleared
105.4076 	EXP 	Fixation: autoDraw = False
105.4076 	EXP 	cc: autoDraw = True
106.0260 	EXP 	Device response: <KeyPress from None: t=106.01986540001235, value=r, duration=None>
106.0276 	EXP 	New trial (rep=24, index=2): <Trial 98 (2 in rep 24) data={'word': 'RED', 'colour': 'red', 'coungrency': 'C', 'cor_res': 'r', 'thisN': 98, 'thisTrialN': 2, 'thisRepN': 24}>
106.0401 	DATA 	Keypress: r
106.0436 	EXP 	Fixation: autoDraw = False
106.0436 	EXP 	cc: autoDraw = False
106.0436 	EXP 	cc: foreColor = <psychopy.colors.Color: red, alpha=1.0>
106.0436 	EXP 	cc: height = np.float64(50.0)
106.0436 	EXP 	cc: height = np.float64(50.0)
106.0436 	EXP 	cc: height = np.float64(50.0)
106.0436 	EXP 	cc: text = 'RED'
106.0436 	EXP 	Fixation: autoDraw = True
106.2756 	EXP 	Device response: <KeyPress from None: t=106.01986540001235, value=r, duration=0.2389361999812536>
106.5412 	INFO 	Keyboard events cleared
106.5400 	EXP 	cc: autoDraw = True
106.5571 	EXP 	Fixation: autoDraw = False
107.0424 	EXP 	Device response: <KeyPress from None: t=107.03354510001373, value=r, duration=None>
107.0442 	EXP 	New trial (rep=24, index=3): <Trial 99 (3 in rep 24) data={'word': 'RED', 'colour': 'blue', 'coungrency': 'I', 'cor_res': 'b', 'thisN': 99, 'thisTrialN': 3, 'thisRepN': 24}>
107.0488 	DATA 	Keypress: r
107.0574 	EXP 	Fixation: autoDraw = False
107.0574 	EXP 	cc: autoDraw = False
107.0574 	EXP 	cc: foreColor = <psychopy.colors.Color: blue, alpha=1.0>
107.0574 	EXP 	cc: text = 'RED'
107.0574 	EXP 	Fixation: autoDraw = True
107.3105 	EXP 	Device response: <KeyPress from None: t=107.03354510001373, value=r, duration=0.27465269999811426>
107.5590 	INFO 	Keyboard events cleared
107.5574 	EXP 	Fixation: autoDraw = False
107.5574 	EXP 	cc: autoDraw = True
108.0417 	EXP 	Device response: <KeyPress from None: t=108.03347650001524, value=b, duration=None>
108.0500 	DATA 	Keypress: b
108.0579 	EXP 	Fixation: autoDraw = False
108.0579 	EXP 	cc: autoDraw = False
108.0579 	EXP 	text_2: autoDraw = True
108.2593 	EXP 	Device response: <KeyPress from None: t=108.03347650001524, value=b, duration=0.22075409998069517>
109.0587 	EXP 	text_2: autoDraw = False
109.0587 	EXP 	text_2: autoDraw = False
109.0591 	EXP 	Stroop_Task: status = STOPPED
109.1450 	INFO 	saved data to 'D:\\lab in psychology\\stroop_task_practice\\data\\surili_Stroop_Task_2025-08-22_10h10.55.845.csv'
109.1470 	INFO 	saved data to D:\lab in psychology\stroop_task_practice\data\surili_Stroop_Task_2025-08-22_10h10.55.845.psydat
